# =============================================================================
# CPU 과점유 케이스 — 관제(monitor.sh) 로그  [B1-2-E-CPU1 / B1-2-A4 / B1-2-A6]
# =============================================================================
#   ※ 이 파일은 위 환경에서 실제로 실행해 받은 산출물이다. 과제 PDF 예시가 아니다.
#   수집 시각: 2026-08-26 09:07:40 ~ 09:11:14 (KST)
#   호스트   : devjsy / Ubuntu 24.04.4 LTS / Linux 6.8.0-138-generic x86_64 / 16 vCPU / 62 GiB RAM / CLK_TCK=100
#   실행 계정: ashofrondol (uid=1000) — root 아님 (B1-2-P1 충족)
#   바이너리 : $AGENT_HOME/agent-leak-app  (md5 0fb02e12554328b32e6e1adac861630e, repo bin/ 과 동일)
#
#   사전 환경변수:
#   export AGENT_HOME=/home/ashofrondol/b12_sandbox/agent-app
#   export AGENT_PORT=15034
#   export AGENT_UPLOAD_DIR="$AGENT_HOME/upload_files"
#   export AGENT_KEY_PATH="$AGENT_HOME/api_keys"      # secret.key = "agent_api_key_test"
#   export AGENT_LOG_DIR=/home/ashofrondol/b12_sandbox/logs
#   실험 환경변수: Before: MEMORY_LIMIT=512 CPU_MAX_OCCUPY=80 MULTI_THREAD_ENABLE=false / After: MEMORY_LIMIT=512 CPU_MAX_OCCUPY=10 MULTI_THREAD_ENABLE=false
#
#   수집 명령:
#   # (1) 실험 파이프라인 — 앱 기동/전환/증거 수집 전체를 자동화
#   cd $REPO && EVIDENCE_DIR="$PWD/evidence" SAMPLE_INTERVAL=3 AFTER_FACTOR=60 \
#     CPU_BEFORE_TIMEOUT=300 RUN_AFTER=1 bash src/experiments/00_run_experiments.sh cpu
#   
#   # (2) 위 파이프라인이 도는 동안 별도 셸에서 관제 스크립트를 3초 간격 반복 실행
#   #     (cron 매분 대신 실험 구간을 촘촘히 보기 위한 것. 스크립트 자체는 무수정)
#   while :; do bash "$REPO/src/monitor.sh"; sleep 3; done
#
#   컬럼 의미 — SYS_* = 호스트 전체 / PROC_* = 대상 프로세스(ps -o rss=,pcpu= -p <PID>).
#   SYS_MEM 은 free 기반 호스트 전체값이라 앱 heap 증가가 거의 반영되지 않는다.
#     요구사항 B1-2-A1 이 말하는 '대상 프로세스의 물리 메모리' 는 PROC_RSS 컬럼이다.
#   PROC_CPU 는 ps %CPU = '프로세스 시작 이후 누적 평균' 이다(순간값 아님).
#     순간값은 cpu_top_ps.txt 의 /proc/<pid>/stat 1초 델타 측정 표를 볼 것.
# =============================================================================


#-----------------------------------------------------------------------------
# §1. src/monitor.sh 콘솔 출력 (구간 경계 발췌 5블록 / 전체 90블록)
#-----------------------------------------------------------------------------

### ----- Before 구간 시작 — 첫 정상 수집 -----
$ AGENT_LOG_DIR=/home/ashofrondol/b12_sandbox/logs bash src/monitor.sh        # 2026-08-26 09:07:43
====== SYSTEM MONITOR RESULT ======

[HEALTH CHECK]
Checking process 'agent-leak-app'... [OK] (PID: 2747669)
Checking port 15034... [OK]

[RESOURCE MONITORING]
SYS  CPU Usage : 2.8%
SYS  MEM Usage : 37.6%
PROC CPU (avg) : 2.2%   (PID 2747669)
PROC RSS       : 17.7 MB (PID 2747669)
DISK Used      : 9%

[WARNING] SYS MEM threshold exceeded (37.6% > 10%)

[INFO] Log appended: /home/ashofrondol/b12_sandbox/logs/monitor.log
(monitor.sh exit=0)

### ----- Before 마지막 정상 수집 — [CpuWorker] 임계 위반 자가종료 직전 -----
$ AGENT_LOG_DIR=/home/ashofrondol/b12_sandbox/logs bash src/monitor.sh        # 2026-08-26 09:08:09
====== SYSTEM MONITOR RESULT ======

[HEALTH CHECK]
Checking process 'agent-leak-app'... [OK] (PID: 2747669)
Checking port 15034... [OK]

[RESOURCE MONITORING]
SYS  CPU Usage : 1.7%
SYS  MEM Usage : 37.6%
PROC CPU (avg) : 0.9%   (PID 2747669)
PROC RSS       : 17.7 MB (PID 2747669)
DISK Used      : 9%

[WARNING] SYS MEM threshold exceeded (37.6% > 10%)

[INFO] Log appended: /home/ashofrondol/b12_sandbox/logs/monitor.log
(monitor.sh exit=0)

### ----- After 구간 시작 — 조치 적용 후 첫 정상 수집 -----
$ AGENT_LOG_DIR=/home/ashofrondol/b12_sandbox/logs bash src/monitor.sh        # 2026-08-26 09:08:13
====== SYSTEM MONITOR RESULT ======

[HEALTH CHECK]
Checking process 'agent-leak-app'... [OK] (PID: 2748768)
Checking port 15034... [OK]

[RESOURCE MONITORING]
SYS  CPU Usage : 5.1%
SYS  MEM Usage : 37.6%
PROC CPU (avg) : 3.3%   (PID 2748768)
PROC RSS       : 17.7 MB (PID 2748768)
DISK Used      : 9%

[WARNING] SYS MEM threshold exceeded (37.6% > 10%)

[INFO] Log appended: /home/ashofrondol/b12_sandbox/logs/monitor.log
(monitor.sh exit=0)

### ----- After 마지막 수집 — 관측 종료(3m00s)까지 계속 가동 중 -----
$ AGENT_LOG_DIR=/home/ashofrondol/b12_sandbox/logs bash src/monitor.sh        # 2026-08-26 09:11:11
====== SYSTEM MONITOR RESULT ======

[HEALTH CHECK]
Checking process 'agent-leak-app'... [OK] (PID: 2748768)
Checking port 15034... [OK]

[RESOURCE MONITORING]
SYS  CPU Usage : 1.1%
SYS  MEM Usage : 38.3%
PROC CPU (avg) : 0.7%   (PID 2748768)
PROC RSS       : 393.0 MB (PID 2748768)
DISK Used      : 9%

[WARNING] SYS MEM threshold exceeded (38.3% > 10%)

[INFO] Log appended: /home/ashofrondol/b12_sandbox/logs/monitor.log
(monitor.sh exit=0)

### ----- 참고) 대상 프로세스가 없을 때의 monitor.sh 동작 — Health Check FAIL 후 exit=1 -----
$ AGENT_LOG_DIR=/home/ashofrondol/b12_sandbox/logs bash src/monitor.sh        # 2026-08-26 09:12:30
====== SYSTEM MONITOR RESULT ======

[HEALTH CHECK]
Checking process 'agent-leak-app'... [FAIL]
[ERROR] Application process not running.
(monitor.sh exit=1)

#-----------------------------------------------------------------------------
# §2. src/monitor.sh 가 $AGENT_LOG_DIR/monitor.log 에 append 한 관제 라인 (전량)
#     한 줄 포맷: [TS] PID:n SYS_CPU:x% SYS_MEM:y% PROC_CPU:z% PROC_RSS:wMB DISK_USED:d%
#-----------------------------------------------------------------------------

### ===== CPU Before  (export MEMORY_LIMIT=512 CPU_MAX_OCCUPY=80 MULTI_THREAD_ENABLE=false)    (구간 시작 2026-08-26 09:07:41) =====
[2026-08-26 09:07:43] PID:2747669 SYS_CPU:2.8% SYS_MEM:37.6% PROC_CPU:2.2% PROC_RSS:17.7MB DISK_USED:9%
[2026-08-26 09:07:46] PID:2747669 SYS_CPU:1.7% SYS_MEM:37.6% PROC_CPU:1.0% PROC_RSS:17.7MB DISK_USED:9%
[2026-08-26 09:07:49] PID:2747669 SYS_CPU:2.3% SYS_MEM:37.6% PROC_CPU:0.7% PROC_RSS:17.7MB DISK_USED:9%
[2026-08-26 09:07:53] PID:2747669 SYS_CPU:1.1% SYS_MEM:37.6% PROC_CPU:0.7% PROC_RSS:17.7MB DISK_USED:9%
[2026-08-26 09:07:56] PID:2747669 SYS_CPU:2.3% SYS_MEM:37.6% PROC_CPU:0.7% PROC_RSS:17.7MB DISK_USED:9%
[2026-08-26 09:07:59] PID:2747669 SYS_CPU:7.4% SYS_MEM:37.6% PROC_CPU:0.7% PROC_RSS:17.7MB DISK_USED:9%
[2026-08-26 09:08:03] PID:2747669 SYS_CPU:2.8% SYS_MEM:37.6% PROC_CPU:0.8% PROC_RSS:17.7MB DISK_USED:9%
[2026-08-26 09:08:06] PID:2747669 SYS_CPU:1.7% SYS_MEM:37.6% PROC_CPU:0.8% PROC_RSS:17.7MB DISK_USED:9%
[2026-08-26 09:08:09] PID:2747669 SYS_CPU:1.7% SYS_MEM:37.6% PROC_CPU:0.9% PROC_RSS:17.7MB DISK_USED:9%

### ===== CPU After  (export MEMORY_LIMIT=512 CPU_MAX_OCCUPY=10 MULTI_THREAD_ENABLE=false)    (구간 시작 2026-08-26 09:08:12) =====
[2026-08-26 09:08:13] PID:2748768 SYS_CPU:5.1% SYS_MEM:37.6% PROC_CPU:3.3% PROC_RSS:17.7MB DISK_USED:9%
[2026-08-26 09:08:16] PID:2748768 SYS_CPU:1.7% SYS_MEM:37.6% PROC_CPU:1.5% PROC_RSS:42.9MB DISK_USED:9%
[2026-08-26 09:08:20] PID:2748768 SYS_CPU:2.3% SYS_MEM:37.7% PROC_CPU:1.1% PROC_RSS:67.9MB DISK_USED:9%
[2026-08-26 09:08:23] PID:2748768 SYS_CPU:7.8% SYS_MEM:37.8% PROC_CPU:0.9% PROC_RSS:92.9MB DISK_USED:9%
[2026-08-26 09:08:26] PID:2748768 SYS_CPU:1.7% SYS_MEM:37.8% PROC_CPU:0.9% PROC_RSS:117.9MB DISK_USED:9%
[2026-08-26 09:08:30] PID:2748768 SYS_CPU:3.4% SYS_MEM:37.9% PROC_CPU:0.8% PROC_RSS:143.0MB DISK_USED:9%
[2026-08-26 09:08:33] PID:2748768 SYS_CPU:8.6% SYS_MEM:38.0% PROC_CPU:0.8% PROC_RSS:193.0MB DISK_USED:9%
[2026-08-26 09:08:36] PID:2748768 SYS_CPU:2.9% SYS_MEM:38.0% PROC_CPU:0.8% PROC_RSS:218.0MB DISK_USED:9%
[2026-08-26 09:08:40] PID:2748768 SYS_CPU:6.4% SYS_MEM:38.0% PROC_CPU:0.8% PROC_RSS:243.0MB DISK_USED:9%
[2026-08-26 09:08:43] PID:2748768 SYS_CPU:13.3% SYS_MEM:38.1% PROC_CPU:0.7% PROC_RSS:268.0MB DISK_USED:9%
[2026-08-26 09:08:46] PID:2748768 SYS_CPU:2.3% SYS_MEM:38.1% PROC_CPU:0.7% PROC_RSS:293.0MB DISK_USED:9%
[2026-08-26 09:08:50] PID:2748768 SYS_CPU:6.9% SYS_MEM:38.2% PROC_CPU:0.7% PROC_RSS:318.0MB DISK_USED:9%
[2026-08-26 09:08:53] PID:2748768 SYS_CPU:2.3% SYS_MEM:38.2% PROC_CPU:0.7% PROC_RSS:343.0MB DISK_USED:9%
[2026-08-26 09:08:56] PID:2748768 SYS_CPU:4.0% SYS_MEM:38.2% PROC_CPU:0.7% PROC_RSS:368.0MB DISK_USED:9%
[2026-08-26 09:09:00] PID:2748768 SYS_CPU:5.7% SYS_MEM:38.3% PROC_CPU:0.7% PROC_RSS:393.0MB DISK_USED:9%
[2026-08-26 09:09:03] PID:2748768 SYS_CPU:1.1% SYS_MEM:38.3% PROC_CPU:0.7% PROC_RSS:418.0MB DISK_USED:9%
[2026-08-26 09:09:07] PID:2748768 SYS_CPU:1.7% SYS_MEM:38.4% PROC_CPU:0.7% PROC_RSS:468.0MB DISK_USED:9%
[2026-08-26 09:09:10] PID:2748768 SYS_CPU:4.0% SYS_MEM:38.4% PROC_CPU:0.7% PROC_RSS:493.0MB DISK_USED:9%
[2026-08-26 09:09:13] PID:2748768 SYS_CPU:1.1% SYS_MEM:38.5% PROC_CPU:0.7% PROC_RSS:518.0MB DISK_USED:9%
[2026-08-26 09:09:17] PID:2748768 SYS_CPU:2.3% SYS_MEM:37.7% PROC_CPU:0.8% PROC_RSS:17.9MB DISK_USED:9%
[2026-08-26 09:09:20] PID:2748768 SYS_CPU:1.1% SYS_MEM:37.7% PROC_CPU:0.7% PROC_RSS:17.9MB DISK_USED:9%
[2026-08-26 09:09:23] PID:2748768 SYS_CPU:2.3% SYS_MEM:37.7% PROC_CPU:0.7% PROC_RSS:42.9MB DISK_USED:9%
[2026-08-26 09:09:27] PID:2748768 SYS_CPU:1.7% SYS_MEM:37.8% PROC_CPU:0.7% PROC_RSS:92.9MB DISK_USED:9%
[2026-08-26 09:09:30] PID:2748768 SYS_CPU:2.3% SYS_MEM:37.8% PROC_CPU:0.7% PROC_RSS:117.9MB DISK_USED:9%
[2026-08-26 09:09:33] PID:2748768 SYS_CPU:2.3% SYS_MEM:37.9% PROC_CPU:0.7% PROC_RSS:142.9MB DISK_USED:9%
[2026-08-26 09:09:37] PID:2748768 SYS_CPU:2.3% SYS_MEM:37.9% PROC_CPU:0.7% PROC_RSS:167.9MB DISK_USED:9%
[2026-08-26 09:09:40] PID:2748768 SYS_CPU:2.3% SYS_MEM:38.0% PROC_CPU:0.7% PROC_RSS:192.9MB DISK_USED:9%
[2026-08-26 09:09:43] PID:2748768 SYS_CPU:1.1% SYS_MEM:38.0% PROC_CPU:0.7% PROC_RSS:217.9MB DISK_USED:9%
[2026-08-26 09:09:47] PID:2748768 SYS_CPU:1.7% SYS_MEM:38.0% PROC_CPU:0.7% PROC_RSS:242.9MB DISK_USED:9%
[2026-08-26 09:09:50] PID:2748768 SYS_CPU:1.7% SYS_MEM:38.1% PROC_CPU:0.7% PROC_RSS:267.9MB DISK_USED:9%
[2026-08-26 09:09:54] PID:2748768 SYS_CPU:1.1% SYS_MEM:38.1% PROC_CPU:0.7% PROC_RSS:293.0MB DISK_USED:9%
[2026-08-26 09:09:57] PID:2748768 SYS_CPU:1.7% SYS_MEM:38.2% PROC_CPU:0.7% PROC_RSS:343.0MB DISK_USED:9%
[2026-08-26 09:10:00] PID:2748768 SYS_CPU:2.3% SYS_MEM:38.2% PROC_CPU:0.7% PROC_RSS:368.0MB DISK_USED:9%
[2026-08-26 09:10:04] PID:2748768 SYS_CPU:1.7% SYS_MEM:38.3% PROC_CPU:0.7% PROC_RSS:393.0MB DISK_USED:9%
[2026-08-26 09:10:07] PID:2748768 SYS_CPU:1.1% SYS_MEM:38.3% PROC_CPU:0.7% PROC_RSS:418.0MB DISK_USED:9%
[2026-08-26 09:10:10] PID:2748768 SYS_CPU:1.7% SYS_MEM:38.4% PROC_CPU:0.7% PROC_RSS:443.0MB DISK_USED:9%
[2026-08-26 09:10:14] PID:2748768 SYS_CPU:1.7% SYS_MEM:38.4% PROC_CPU:0.7% PROC_RSS:468.0MB DISK_USED:9%
[2026-08-26 09:10:17] PID:2748768 SYS_CPU:2.3% SYS_MEM:38.4% PROC_CPU:0.7% PROC_RSS:493.0MB DISK_USED:9%
[2026-08-26 09:10:20] PID:2748768 SYS_CPU:1.7% SYS_MEM:38.5% PROC_CPU:0.7% PROC_RSS:518.0MB DISK_USED:9%
[2026-08-26 09:10:24] PID:2748768 SYS_CPU:1.7% SYS_MEM:37.8% PROC_CPU:0.7% PROC_RSS:67.9MB DISK_USED:9%
[2026-08-26 09:10:27] PID:2748768 SYS_CPU:1.7% SYS_MEM:37.8% PROC_CPU:0.7% PROC_RSS:67.9MB DISK_USED:9%
[2026-08-26 09:10:30] PID:2748768 SYS_CPU:2.3% SYS_MEM:37.8% PROC_CPU:0.7% PROC_RSS:67.9MB DISK_USED:9%
[2026-08-26 09:10:34] PID:2748768 SYS_CPU:2.3% SYS_MEM:37.8% PROC_CPU:0.7% PROC_RSS:92.9MB DISK_USED:9%
[2026-08-26 09:10:37] PID:2748768 SYS_CPU:1.7% SYS_MEM:37.8% PROC_CPU:0.7% PROC_RSS:117.9MB DISK_USED:9%
[2026-08-26 09:10:41] PID:2748768 SYS_CPU:1.7% SYS_MEM:37.9% PROC_CPU:0.7% PROC_RSS:142.9MB DISK_USED:9%
[2026-08-26 09:10:44] PID:2748768 SYS_CPU:1.1% SYS_MEM:37.9% PROC_CPU:0.7% PROC_RSS:167.9MB DISK_USED:9%
[2026-08-26 09:10:47] PID:2748768 SYS_CPU:2.8% SYS_MEM:38.0% PROC_CPU:0.7% PROC_RSS:217.9MB DISK_USED:9%
[2026-08-26 09:10:51] PID:2748768 SYS_CPU:1.7% SYS_MEM:38.1% PROC_CPU:0.7% PROC_RSS:242.9MB DISK_USED:9%
[2026-08-26 09:10:54] PID:2748768 SYS_CPU:2.3% SYS_MEM:38.1% PROC_CPU:0.7% PROC_RSS:267.9MB DISK_USED:9%
[2026-08-26 09:10:57] PID:2748768 SYS_CPU:1.7% SYS_MEM:38.1% PROC_CPU:0.7% PROC_RSS:293.0MB DISK_USED:9%
[2026-08-26 09:11:01] PID:2748768 SYS_CPU:1.1% SYS_MEM:38.2% PROC_CPU:0.7% PROC_RSS:318.0MB DISK_USED:9%
[2026-08-26 09:11:04] PID:2748768 SYS_CPU:1.7% SYS_MEM:38.2% PROC_CPU:0.7% PROC_RSS:343.0MB DISK_USED:9%
[2026-08-26 09:11:07] PID:2748768 SYS_CPU:2.8% SYS_MEM:38.2% PROC_CPU:0.7% PROC_RSS:368.0MB DISK_USED:9%
[2026-08-26 09:11:11] PID:2748768 SYS_CPU:1.1% SYS_MEM:38.3% PROC_CPU:0.7% PROC_RSS:393.0MB DISK_USED:9%

#-----------------------------------------------------------------------------
# §3. 실험 파이프라인 고해상도 샘플 (3초 간격)
#     lib_experiment.sh _sample_to() — monitor.sh §3 과 동일한 계산식을 그대로 미러링
#-----------------------------------------------------------------------------
# ── CPU Before  (export MEMORY_LIMIT=512 CPU_MAX_OCCUPY=80 MULTI_THREAD_ENABLE=false)  start 2026-08-26 09:07:41 ──
[2026-08-26 09:07:42] PID:2747669 SYS_CPU:1.7% SYS_MEM:37.6% PROC_CPU:3.2% PROC_RSS:17.7MB DISK_USED:9%
[2026-08-26 09:07:45] PID:2747669 SYS_CPU:2.8% SYS_MEM:37.6% PROC_CPU:1.0% PROC_RSS:17.7MB DISK_USED:9%
[2026-08-26 09:07:48] PID:2747669 SYS_CPU:1.1% SYS_MEM:37.6% PROC_CPU:0.7% PROC_RSS:17.7MB DISK_USED:9%
[2026-08-26 09:07:52] PID:2747669 SYS_CPU:1.1% SYS_MEM:37.6% PROC_CPU:0.6% PROC_RSS:17.7MB DISK_USED:9%
[2026-08-26 09:07:55] PID:2747669 SYS_CPU:1.7% SYS_MEM:37.6% PROC_CPU:0.7% PROC_RSS:17.7MB DISK_USED:9%
[2026-08-26 09:07:59] PID:2747669 SYS_CPU:2.8% SYS_MEM:37.6% PROC_CPU:0.8% PROC_RSS:17.7MB DISK_USED:9%
[2026-08-26 09:08:02] PID:2747669 SYS_CPU:1.1% SYS_MEM:37.6% PROC_CPU:0.8% PROC_RSS:17.7MB DISK_USED:9%
[2026-08-26 09:08:05] PID:2747669 SYS_CPU:0.6% SYS_MEM:37.6% PROC_CPU:0.9% PROC_RSS:17.7MB DISK_USED:9%
[2026-08-26 09:08:08] PID:2747669 SYS_CPU:0.6% SYS_MEM:37.6% PROC_CPU:1.0% PROC_RSS:17.7MB DISK_USED:9%
[2026-08-26 09:08:12] [ERROR] Application process not running. (PID 2747669 종료)
# ── CPU After  (export MEMORY_LIMIT=512 CPU_MAX_OCCUPY=10 MULTI_THREAD_ENABLE=false)  start 2026-08-26 09:08:12 ──
[2026-08-26 09:08:13] PID:2748768 SYS_CPU:3.4% SYS_MEM:37.6% PROC_CPU:3.2% PROC_RSS:17.7MB DISK_USED:9%
[2026-08-26 09:08:16] PID:2748768 SYS_CPU:6.2% SYS_MEM:37.6% PROC_CPU:1.4% PROC_RSS:42.9MB DISK_USED:9%
[2026-08-26 09:08:20] PID:2748768 SYS_CPU:2.3% SYS_MEM:37.7% PROC_CPU:1.1% PROC_RSS:67.9MB DISK_USED:9%
[2026-08-26 09:08:23] PID:2748768 SYS_CPU:6.2% SYS_MEM:37.8% PROC_CPU:0.9% PROC_RSS:92.9MB DISK_USED:9%
[2026-08-26 09:08:26] PID:2748768 SYS_CPU:5.7% SYS_MEM:37.8% PROC_CPU:0.8% PROC_RSS:117.9MB DISK_USED:9%
[2026-08-26 09:08:30] PID:2748768 SYS_CPU:2.8% SYS_MEM:37.9% PROC_CPU:0.8% PROC_RSS:143.0MB DISK_USED:9%
[2026-08-26 09:08:33] PID:2748768 SYS_CPU:7.3% SYS_MEM:38.0% PROC_CPU:0.8% PROC_RSS:193.0MB DISK_USED:9%
[2026-08-26 09:08:36] PID:2748768 SYS_CPU:7.3% SYS_MEM:38.0% PROC_CPU:0.8% PROC_RSS:218.0MB DISK_USED:9%
[2026-08-26 09:08:40] PID:2748768 SYS_CPU:4.0% SYS_MEM:38.0% PROC_CPU:0.8% PROC_RSS:243.0MB DISK_USED:9%
[2026-08-26 09:08:43] PID:2748768 SYS_CPU:15.5% SYS_MEM:38.1% PROC_CPU:0.7% PROC_RSS:268.0MB DISK_USED:9%
[2026-08-26 09:08:46] PID:2748768 SYS_CPU:6.8% SYS_MEM:38.1% PROC_CPU:0.7% PROC_RSS:293.0MB DISK_USED:9%
[2026-08-26 09:08:50] PID:2748768 SYS_CPU:1.7% SYS_MEM:38.2% PROC_CPU:0.7% PROC_RSS:318.0MB DISK_USED:9%
[2026-08-26 09:08:53] PID:2748768 SYS_CPU:1.7% SYS_MEM:38.2% PROC_CPU:0.7% PROC_RSS:343.0MB DISK_USED:9%
[2026-08-26 09:08:56] PID:2748768 SYS_CPU:5.1% SYS_MEM:38.2% PROC_CPU:0.7% PROC_RSS:368.0MB DISK_USED:9%
[2026-08-26 09:09:00] PID:2748768 SYS_CPU:1.7% SYS_MEM:38.3% PROC_CPU:0.7% PROC_RSS:393.0MB DISK_USED:9%
[2026-08-26 09:09:03] PID:2748768 SYS_CPU:2.8% SYS_MEM:38.3% PROC_CPU:0.7% PROC_RSS:418.0MB DISK_USED:9%
[2026-08-26 09:09:06] PID:2748768 SYS_CPU:1.7% SYS_MEM:38.4% PROC_CPU:0.7% PROC_RSS:443.0MB DISK_USED:9%
[2026-08-26 09:09:10] PID:2748768 SYS_CPU:2.3% SYS_MEM:38.4% PROC_CPU:0.7% PROC_RSS:493.0MB DISK_USED:9%
[2026-08-26 09:09:13] PID:2748768 SYS_CPU:1.1% SYS_MEM:38.5% PROC_CPU:0.7% PROC_RSS:518.0MB DISK_USED:9%
[2026-08-26 09:09:16] PID:2748768 SYS_CPU:1.1% SYS_MEM:37.8% PROC_CPU:0.8% PROC_RSS:17.9MB DISK_USED:9%
[2026-08-26 09:09:20] PID:2748768 SYS_CPU:1.7% SYS_MEM:37.7% PROC_CPU:0.7% PROC_RSS:17.9MB DISK_USED:9%
[2026-08-26 09:09:23] PID:2748768 SYS_CPU:2.3% SYS_MEM:37.7% PROC_CPU:0.7% PROC_RSS:42.9MB DISK_USED:9%
[2026-08-26 09:09:26] PID:2748768 SYS_CPU:1.1% SYS_MEM:37.8% PROC_CPU:0.7% PROC_RSS:67.9MB DISK_USED:9%
[2026-08-26 09:09:30] PID:2748768 SYS_CPU:1.2% SYS_MEM:37.8% PROC_CPU:0.7% PROC_RSS:117.9MB DISK_USED:9%
[2026-08-26 09:09:33] PID:2748768 SYS_CPU:2.3% SYS_MEM:37.9% PROC_CPU:0.7% PROC_RSS:142.9MB DISK_USED:9%
[2026-08-26 09:09:36] PID:2748768 SYS_CPU:0.6% SYS_MEM:37.9% PROC_CPU:0.7% PROC_RSS:167.9MB DISK_USED:9%
[2026-08-26 09:09:40] PID:2748768 SYS_CPU:1.1% SYS_MEM:38.0% PROC_CPU:0.7% PROC_RSS:192.9MB DISK_USED:9%
[2026-08-26 09:09:43] PID:2748768 SYS_CPU:2.3% SYS_MEM:38.0% PROC_CPU:0.7% PROC_RSS:217.9MB DISK_USED:9%
[2026-08-26 09:09:46] PID:2748768 SYS_CPU:1.7% SYS_MEM:38.0% PROC_CPU:0.7% PROC_RSS:242.9MB DISK_USED:9%
[2026-08-26 09:09:50] PID:2748768 SYS_CPU:1.7% SYS_MEM:38.1% PROC_CPU:0.7% PROC_RSS:267.9MB DISK_USED:9%
[2026-08-26 09:09:53] PID:2748768 SYS_CPU:1.7% SYS_MEM:38.1% PROC_CPU:0.7% PROC_RSS:293.0MB DISK_USED:9%
[2026-08-26 09:09:56] PID:2748768 SYS_CPU:2.3% SYS_MEM:38.2% PROC_CPU:0.7% PROC_RSS:318.0MB DISK_USED:9%
[2026-08-26 09:10:00] PID:2748768 SYS_CPU:5.1% SYS_MEM:38.2% PROC_CPU:0.7% PROC_RSS:343.0MB DISK_USED:9%
[2026-08-26 09:10:03] PID:2748768 SYS_CPU:1.1% SYS_MEM:38.3% PROC_CPU:0.7% PROC_RSS:393.0MB DISK_USED:9%
[2026-08-26 09:10:06] PID:2748768 SYS_CPU:1.7% SYS_MEM:38.3% PROC_CPU:0.7% PROC_RSS:418.0MB DISK_USED:9%
[2026-08-26 09:10:10] PID:2748768 SYS_CPU:1.1% SYS_MEM:38.4% PROC_CPU:0.7% PROC_RSS:443.0MB DISK_USED:9%
[2026-08-26 09:10:13] PID:2748768 SYS_CPU:1.7% SYS_MEM:38.4% PROC_CPU:0.7% PROC_RSS:468.0MB DISK_USED:9%
[2026-08-26 09:10:16] PID:2748768 SYS_CPU:2.3% SYS_MEM:38.4% PROC_CPU:0.7% PROC_RSS:493.0MB DISK_USED:9%
[2026-08-26 09:10:20] PID:2748768 SYS_CPU:1.7% SYS_MEM:38.5% PROC_CPU:0.7% PROC_RSS:518.0MB DISK_USED:9%
[2026-08-26 09:10:23] PID:2748768 SYS_CPU:1.7% SYS_MEM:37.8% PROC_CPU:0.7% PROC_RSS:67.9MB DISK_USED:9%
[2026-08-26 09:10:26] PID:2748768 SYS_CPU:1.7% SYS_MEM:37.8% PROC_CPU:0.7% PROC_RSS:67.9MB DISK_USED:9%
[2026-08-26 09:10:30] PID:2748768 SYS_CPU:2.9% SYS_MEM:37.8% PROC_CPU:0.7% PROC_RSS:67.9MB DISK_USED:9%
[2026-08-26 09:10:33] PID:2748768 SYS_CPU:1.7% SYS_MEM:37.8% PROC_CPU:0.7% PROC_RSS:92.9MB DISK_USED:9%
[2026-08-26 09:10:36] PID:2748768 SYS_CPU:1.7% SYS_MEM:37.8% PROC_CPU:0.7% PROC_RSS:117.9MB DISK_USED:9%
[2026-08-26 09:10:39] PID:2748768 SYS_CPU:14.8% SYS_MEM:37.9% PROC_CPU:0.7% PROC_RSS:142.9MB DISK_USED:9%
[2026-08-26 09:10:43] PID:2748768 SYS_CPU:2.3% SYS_MEM:37.9% PROC_CPU:0.7% PROC_RSS:167.9MB DISK_USED:9%
[2026-08-26 09:10:46] PID:2748768 SYS_CPU:1.7% SYS_MEM:38.0% PROC_CPU:0.7% PROC_RSS:192.9MB DISK_USED:9%
[2026-08-26 09:10:50] PID:2748768 SYS_CPU:2.8% SYS_MEM:38.0% PROC_CPU:0.7% PROC_RSS:217.9MB DISK_USED:9%
[2026-08-26 09:10:53] PID:2748768 SYS_CPU:1.1% SYS_MEM:38.1% PROC_CPU:0.7% PROC_RSS:242.9MB DISK_USED:9%
[2026-08-26 09:10:56] PID:2748768 SYS_CPU:2.8% SYS_MEM:38.1% PROC_CPU:0.7% PROC_RSS:293.0MB DISK_USED:9%
[2026-08-26 09:11:00] PID:2748768 SYS_CPU:2.8% SYS_MEM:38.2% PROC_CPU:0.7% PROC_RSS:318.0MB DISK_USED:9%
[2026-08-26 09:11:03] PID:2748768 SYS_CPU:1.7% SYS_MEM:38.2% PROC_CPU:0.7% PROC_RSS:343.0MB DISK_USED:9%
[2026-08-26 09:11:06] PID:2748768 SYS_CPU:1.1% SYS_MEM:38.2% PROC_CPU:0.7% PROC_RSS:368.0MB DISK_USED:9%
[2026-08-26 09:11:10] PID:2748768 SYS_CPU:2.3% SYS_MEM:38.3% PROC_CPU:0.7% PROC_RSS:393.0MB DISK_USED:9%
[2026-08-26 09:11:13] PID:2748768 SYS_CPU:1.1% SYS_MEM:38.3% PROC_CPU:0.7% PROC_RSS:418.0MB DISK_USED:9%
[2026-08-26 09:11:14] [INFO] After phase ended (PID 2748768, rc=2, 3m00s)

#-----------------------------------------------------------------------------
# §4. 파라미터 스윕 — CPU_MAX_OCCUPY 값별 생존시간 실측  [B1-2-E-CPU3 / B1-2-A6]
#-----------------------------------------------------------------------------

# 스윕 방법 (한 값당 앱을 새로 띄우고, 죽을 때까지 또는 관측 상한까지 1초 간격 폴링):
#   export AGENT_HOME=… AGENT_PORT=15034 AGENT_UPLOAD_DIR=… AGENT_KEY_PATH=… AGENT_LOG_DIR=…
#   export MEMORY_LIMIT=<값> CPU_MAX_OCCUPY=<값> MULTI_THREAD_ENABLE=false
#   cd "$AGENT_HOME" && nohup ./agent-leak-app > <label>.out 2>&1 &
#   PID=$(pgrep -P $! -x agent-leak-app)       # PyInstaller 자식(워커) PID
#   while kill -0 $PID; do ps -o rss=,pcpu= -p $PID; sleep 1; done; wait; echo "exit=$?"

### CPU_MAX_OCCUPY 스윕 — MEMORY_LIMIT=512, MULTI_THREAD_ENABLE=false 로 고정 (단일 변수)

  CPU_MAX_OCCUPY   생존시간   종료코드   트립 시점의 [CpuWorker] Current Load   부팅 배너
  --------------   --------   --------   ------------------------------------   ------------------------
        95%          34초       143      58.93%                                 [ WARNING: Under 50% ]
        80%          30초       143      53.72%                                 [ WARNING: Under 50% ]
        60%          43초       143      57.39%                                 [ WARNING: Under 50% ]
        50%       >122초       (생존)    트립 없음 (Peak reached → cooldown 순환)  [ OK ]
        10%       >180초       (생존)    트립 없음 (Peak reached → cooldown 18회)  [ OK ]

  → 값을 '올려도'(80→95) 생존시간이 늘지 않는다. 세 사망 케이스의 트립 지점이 53~59% 로 모두
    비슷한 데서 알 수 있듯, 종료를 결정하는 선은 CPU_MAX_OCCUPY 가 아니라 부팅 배너가 경고하는
    고정 50% 다. CPU_MAX_OCCUPY 는 CpuWorker 가 목표로 삼는 상한일 뿐이다.
  → 임계점은 50 과 60 사이에 있다. 50 이하로 '내리면' CpuWorker 가 상한에 닿는 순간
    'Peak reached (NN%). Starting cooldown...' 로 부하를 되돌리므로 50% 선을 영영 넘지 않는다.
  → 따라서 B1-2-A6('조정하여 종료 여부 또는 생존 시간 변화를 확인')을 만족시키는 조정 방향은
    상향이 아니라 하향이며, 이 실험의 After 는 CPU_MAX_OCCUPY=10 으로 잡았다.

### 각 스윕 실행의 원본 종료 요약 (probe 스크립트 출력 그대로)
###   ※ 위 표의 CPU_MAX_OCCUPY=80% 행은 별도 probe 가 아니라 이 파일 §1~§3 의 파이프라인 Before
###     구간(09:07:41~09:08:12, 생존 0m30s, 트립 53.72%) 그 자체다. 아래에는 나머지 4개 값만 싣는다.

$ cat p_cpu60.summary
LABEL=p_cpu60 MEM=512 CPU=60 MT=false parent=2730583 worker=2730590
DIED at 43s
exit_code=143
$ tail -2 p_cpu60.applog
2026-08-26 08:54:11,859 [INFO] [CpuWorker] Current Load: 57.39%
2026-08-26 08:54:11,959 [CRITICAL] [CpuWorker] CPU Threshold Violated! (57.39%).

$ cat p_cpu50.summary
LABEL=p_cpu50 MEM=512 CPU=50 MT=false parent=2732007 worker=2732014
SURVIVED to 122s (timeout)
exit_code=alive
$ tail -2 p_cpu50.applog
2026-08-26 08:56:13,455 [INFO] [MemoryWorker] Current Heap: 450MB
2026-08-26 08:56:14,785 [INFO] [CpuWorker] Current Load: 7.59%

$ cat p_mem512_cpu95.summary
LABEL=p_mem512_cpu95 MEM=512 CPU=95 MT=false parent=2722468 worker=2722475
DIED at 34s
exit_code=143
$ tail -2 p_mem512_cpu95.applog
2026-08-26 08:48:29,927 [INFO] [CpuWorker] Current Load: 58.93%
2026-08-26 08:48:30,029 [CRITICAL] [CpuWorker] CPU Threshold Violated! (58.93000000000001%).

$ cat p_mem512_cpu10.summary
LABEL=p_mem512_cpu10 MEM=512 CPU=10 MT=false parent=2724701 worker=2724708
SURVIVED to 180s (timeout)
exit_code=alive
$ tail -2 p_mem512_cpu10.applog
2026-08-26 08:52:07,045 [INFO] [MemoryWorker] Current Heap: 375MB
2026-08-26 08:52:07,394 [INFO] [CpuWorker] Current Load: 7.08%

