# =============================================================================
# Deadlock 케이스 — 관제(monitor.sh) 로그  [B1-2-E-DL2 / B1-2-A7 / B1-2-A9]
# =============================================================================
#   ※ 이 파일은 위 환경에서 실제로 실행해 받은 산출물이다. 과제 PDF 예시가 아니다.
#   수집 시각: 2026-08-26 09:12:49 ~ 09:17:19 (KST)
#   호스트   : devjsy / Ubuntu 24.04.4 LTS / Linux 6.8.0-138-generic x86_64 / 16 vCPU / 62 GiB RAM / CLK_TCK=100
#   실행 계정: ashofrondol (uid=1000) — root 아님 (B1-2-P1 충족)
#   바이너리 : $AGENT_HOME/agent-leak-app  (md5 0fb02e12554328b32e6e1adac861630e, repo bin/ 과 동일)
#
#   사전 환경변수:
#   export AGENT_HOME=/home/ashofrondol/b12_sandbox/agent-app
#   export AGENT_PORT=15034
#   export AGENT_UPLOAD_DIR="$AGENT_HOME/upload_files"
#   export AGENT_KEY_PATH="$AGENT_HOME/api_keys"      # secret.key = "agent_api_key_test"
#   export AGENT_LOG_DIR=/home/ashofrondol/b12_sandbox/logs
#   실험 환경변수: Before: MEMORY_LIMIT=512 CPU_MAX_OCCUPY=10 MULTI_THREAD_ENABLE=true / After: MEMORY_LIMIT=512 CPU_MAX_OCCUPY=10 MULTI_THREAD_ENABLE=false
#
#   수집 명령:
#   # (1) 실험 파이프라인 — 앱 기동/전환/증거 수집 전체를 자동화
#   cd $REPO && EVIDENCE_DIR="$PWD/evidence" SAMPLE_INTERVAL=3 FREEZE_SECS=60 DEADLOCK_TIMEOUT=300 \
#     DEADLOCK_AFTER_VERIFY=180 RUN_AFTER=1 bash src/experiments/00_run_experiments.sh deadlock
#   
#   # (2) 위 파이프라인이 도는 동안 별도 셸에서 관제 스크립트를 3초 간격 반복 실행
#   #     (cron 매분 대신 실험 구간을 촘촘히 보기 위한 것. 스크립트 자체는 무수정)
#   while :; do bash "$REPO/src/monitor.sh"; sleep 3; done
#
#   컬럼 의미 — SYS_* = 호스트 전체 / PROC_* = 대상 프로세스(ps -o rss=,pcpu= -p <PID>).
#   SYS_MEM 은 free 기반 호스트 전체값이라 앱 heap 증가가 거의 반영되지 않는다.
#     요구사항 B1-2-A1 이 말하는 '대상 프로세스의 물리 메모리' 는 PROC_RSS 컬럼이다.
#   PROC_CPU 는 ps %CPU = '프로세스 시작 이후 누적 평균' 이다(순간값 아님).
#     순간값은 cpu_top_ps.txt 의 /proc/<pid>/stat 1초 델타 측정 표를 볼 것.
# =============================================================================


#-----------------------------------------------------------------------------
# §1. src/monitor.sh 콘솔 출력 (구간 경계 발췌 5블록 / 전체 58블록)
#-----------------------------------------------------------------------------

### ----- Before 구간 시작 — 첫 정상 수집 -----
$ AGENT_LOG_DIR=/home/ashofrondol/b12_sandbox/logs bash src/monitor.sh        # 2026-08-26 09:12:54
====== SYSTEM MONITOR RESULT ======

[HEALTH CHECK]
Checking process 'agent-leak-app'... [OK] (PID: 2756210)
Checking port 15034... [OK]

[RESOURCE MONITORING]
SYS  CPU Usage : 1.7%
SYS  MEM Usage : 37.5%
PROC CPU (avg) : 0.9%   (PID 2756210)
PROC RSS       : 17.6 MB (PID 2756210)
DISK Used      : 9%

[WARNING] SYS MEM threshold exceeded (37.5% > 10%)

[INFO] Log appended: /home/ashofrondol/b12_sandbox/logs/monitor.log
(monitor.sh exit=0)

### ----- Before 마지막 수집 — 로그·PROC_RSS 정지 상태에서 PID 만 생존 (freeze) -----
$ AGENT_LOG_DIR=/home/ashofrondol/b12_sandbox/logs bash src/monitor.sh        # 2026-08-26 09:14:09
====== SYSTEM MONITOR RESULT ======

[HEALTH CHECK]
Checking process 'agent-leak-app'... [OK] (PID: 2756210)
Checking port 15034... [OK]

[RESOURCE MONITORING]
SYS  CPU Usage : 1.7%
SYS  MEM Usage : 37.5%
PROC CPU (avg) : 0.0%   (PID 2756210)
PROC RSS       : 17.7 MB (PID 2756210)
DISK Used      : 9%

[WARNING] SYS MEM threshold exceeded (37.5% > 10%)

[INFO] Log appended: /home/ashofrondol/b12_sandbox/logs/monitor.log
(monitor.sh exit=0)

### ----- After 구간 시작 — 조치 적용 후 첫 정상 수집 -----
$ AGENT_LOG_DIR=/home/ashofrondol/b12_sandbox/logs bash src/monitor.sh        # 2026-08-26 09:14:15
====== SYSTEM MONITOR RESULT ======

[HEALTH CHECK]
Checking process 'agent-leak-app'... [OK] (PID: 2758660)
Checking port 15034... [OK]

[RESOURCE MONITORING]
SYS  CPU Usage : 1.7%
SYS  MEM Usage : 37.5%
PROC CPU (avg) : 7.5%   (PID 2758660)
PROC RSS       : 17.6 MB (PID 2758660)
DISK Used      : 9%

[WARNING] SYS MEM threshold exceeded (37.5% > 10%)

[INFO] Log appended: /home/ashofrondol/b12_sandbox/logs/monitor.log
(monitor.sh exit=0)

### ----- After 마지막 수집 — 관측 종료(3m00s)까지 정상 가동 -----
$ AGENT_LOG_DIR=/home/ashofrondol/b12_sandbox/logs bash src/monitor.sh        # 2026-08-26 09:17:17
====== SYSTEM MONITOR RESULT ======

[HEALTH CHECK]
Checking process 'agent-leak-app'... [OK] (PID: 2758660)
Checking port 15034... [OK]

[RESOURCE MONITORING]
SYS  CPU Usage : 2.3%
SYS  MEM Usage : 38.6%
PROC CPU (avg) : 0.7%   (PID 2758660)
PROC RSS       : 442.9 MB (PID 2758660)
DISK Used      : 9%

[WARNING] SYS MEM threshold exceeded (38.6% > 10%)

[INFO] Log appended: /home/ashofrondol/b12_sandbox/logs/monitor.log
(monitor.sh exit=0)

### ----- 참고) 대상 프로세스가 없을 때의 monitor.sh 동작 — Health Check FAIL 후 exit=1 -----
$ AGENT_LOG_DIR=/home/ashofrondol/b12_sandbox/logs bash src/monitor.sh        # 2026-08-26 09:17:52
====== SYSTEM MONITOR RESULT ======

[HEALTH CHECK]
Checking process 'agent-leak-app'... [FAIL]
[ERROR] Application process not running.
(monitor.sh exit=1)

#-----------------------------------------------------------------------------
# §2. src/monitor.sh 가 $AGENT_LOG_DIR/monitor.log 에 append 한 관제 라인 (전량)
#     한 줄 포맷: [TS] PID:n SYS_CPU:x% SYS_MEM:y% PROC_CPU:z% PROC_RSS:wMB DISK_USED:d%
#-----------------------------------------------------------------------------

### ===== Deadlock Before (MULTI_THREAD_ENABLE=true)   (구간 시작 2026-08-26 09:12:50) =====
[2026-08-26 09:12:54] PID:2756210 SYS_CPU:1.7% SYS_MEM:37.5% PROC_CPU:0.9% PROC_RSS:17.6MB DISK_USED:9%
[2026-08-26 09:13:00] PID:2756210 SYS_CPU:1.2% SYS_MEM:37.5% PROC_CPU:0.4% PROC_RSS:17.7MB DISK_USED:9%
[2026-08-26 09:13:05] PID:2756210 SYS_CPU:0.6% SYS_MEM:37.5% PROC_CPU:0.2% PROC_RSS:17.7MB DISK_USED:9%
[2026-08-26 09:13:10] PID:2756210 SYS_CPU:4.0% SYS_MEM:37.5% PROC_CPU:0.1% PROC_RSS:17.7MB DISK_USED:9%
[2026-08-26 09:13:16] PID:2756210 SYS_CPU:1.1% SYS_MEM:37.5% PROC_CPU:0.1% PROC_RSS:17.7MB DISK_USED:9%
[2026-08-26 09:13:21] PID:2756210 SYS_CPU:2.2% SYS_MEM:37.5% PROC_CPU:0.1% PROC_RSS:17.7MB DISK_USED:9%
[2026-08-26 09:13:26] PID:2756210 SYS_CPU:2.3% SYS_MEM:37.5% PROC_CPU:0.1% PROC_RSS:17.7MB DISK_USED:9%
[2026-08-26 09:13:32] PID:2756210 SYS_CPU:1.7% SYS_MEM:37.5% PROC_CPU:0.0% PROC_RSS:17.7MB DISK_USED:9%
[2026-08-26 09:13:37] PID:2756210 SYS_CPU:4.0% SYS_MEM:37.5% PROC_CPU:0.0% PROC_RSS:17.7MB DISK_USED:9%
[2026-08-26 09:13:42] PID:2756210 SYS_CPU:2.3% SYS_MEM:37.5% PROC_CPU:0.0% PROC_RSS:17.7MB DISK_USED:9%
[2026-08-26 09:13:48] PID:2756210 SYS_CPU:1.7% SYS_MEM:37.5% PROC_CPU:0.0% PROC_RSS:17.7MB DISK_USED:9%
[2026-08-26 09:13:53] PID:2756210 SYS_CPU:1.7% SYS_MEM:37.5% PROC_CPU:0.0% PROC_RSS:17.7MB DISK_USED:9%
[2026-08-26 09:13:59] PID:2756210 SYS_CPU:2.3% SYS_MEM:37.5% PROC_CPU:0.0% PROC_RSS:17.7MB DISK_USED:9%
[2026-08-26 09:14:04] PID:2756210 SYS_CPU:1.7% SYS_MEM:37.5% PROC_CPU:0.0% PROC_RSS:17.7MB DISK_USED:9%
[2026-08-26 09:14:09] PID:2756210 SYS_CPU:1.7% SYS_MEM:37.5% PROC_CPU:0.0% PROC_RSS:17.7MB DISK_USED:9%

### ===== Deadlock After (MULTI_THREAD_ENABLE=false)   (구간 시작 2026-08-26 09:14:14) =====
[2026-08-26 09:14:15] PID:2758660 SYS_CPU:1.7% SYS_MEM:37.5% PROC_CPU:7.5% PROC_RSS:17.6MB DISK_USED:9%
[2026-08-26 09:14:20] PID:2758660 SYS_CPU:1.1% SYS_MEM:37.5% PROC_CPU:1.0% PROC_RSS:42.9MB DISK_USED:9%
[2026-08-26 09:14:25] PID:2758660 SYS_CPU:5.2% SYS_MEM:37.6% PROC_CPU:0.9% PROC_RSS:92.9MB DISK_USED:9%
[2026-08-26 09:14:31] PID:2758660 SYS_CPU:1.1% SYS_MEM:37.7% PROC_CPU:0.9% PROC_RSS:142.9MB DISK_USED:9%
[2026-08-26 09:14:36] PID:2758660 SYS_CPU:2.3% SYS_MEM:37.8% PROC_CPU:0.8% PROC_RSS:192.9MB DISK_USED:9%
[2026-08-26 09:14:41] PID:2758660 SYS_CPU:3.4% SYS_MEM:37.8% PROC_CPU:0.8% PROC_RSS:217.9MB DISK_USED:9%
[2026-08-26 09:14:47] PID:2758660 SYS_CPU:1.1% SYS_MEM:37.9% PROC_CPU:0.7% PROC_RSS:267.9MB DISK_USED:9%
[2026-08-26 09:14:52] PID:2758660 SYS_CPU:1.7% SYS_MEM:38.0% PROC_CPU:0.7% PROC_RSS:317.9MB DISK_USED:9%
[2026-08-26 09:14:57] PID:2758660 SYS_CPU:2.3% SYS_MEM:38.0% PROC_CPU:0.7% PROC_RSS:368.0MB DISK_USED:9%
[2026-08-26 09:15:03] PID:2758660 SYS_CPU:2.9% SYS_MEM:38.1% PROC_CPU:0.7% PROC_RSS:418.0MB DISK_USED:9%
[2026-08-26 09:15:08] PID:2758660 SYS_CPU:1.7% SYS_MEM:38.2% PROC_CPU:0.7% PROC_RSS:443.0MB DISK_USED:9%
[2026-08-26 09:15:14] PID:2758660 SYS_CPU:1.7% SYS_MEM:38.3% PROC_CPU:0.7% PROC_RSS:493.0MB DISK_USED:9%
[2026-08-26 09:15:19] PID:2758660 SYS_CPU:1.1% SYS_MEM:37.6% PROC_CPU:0.8% PROC_RSS:17.9MB DISK_USED:9%
[2026-08-26 09:15:24] PID:2758660 SYS_CPU:4.6% SYS_MEM:37.6% PROC_CPU:0.7% PROC_RSS:42.9MB DISK_USED:9%
[2026-08-26 09:15:30] PID:2758660 SYS_CPU:2.3% SYS_MEM:37.6% PROC_CPU:0.7% PROC_RSS:92.9MB DISK_USED:9%
[2026-08-26 09:15:35] PID:2758660 SYS_CPU:2.3% SYS_MEM:37.7% PROC_CPU:0.7% PROC_RSS:142.9MB DISK_USED:9%
[2026-08-26 09:15:40] PID:2758660 SYS_CPU:2.8% SYS_MEM:37.7% PROC_CPU:0.7% PROC_RSS:167.9MB DISK_USED:9%
[2026-08-26 09:15:46] PID:2758660 SYS_CPU:1.1% SYS_MEM:37.8% PROC_CPU:0.7% PROC_RSS:217.9MB DISK_USED:9%
[2026-08-26 09:15:51] PID:2758660 SYS_CPU:1.1% SYS_MEM:37.9% PROC_CPU:0.7% PROC_RSS:267.9MB DISK_USED:9%
[2026-08-26 09:15:56] PID:2758660 SYS_CPU:4.0% SYS_MEM:37.9% PROC_CPU:0.7% PROC_RSS:317.9MB DISK_USED:9%
[2026-08-26 09:16:02] PID:2758660 SYS_CPU:2.3% SYS_MEM:38.1% PROC_CPU:0.7% PROC_RSS:342.9MB DISK_USED:9%
[2026-08-26 09:16:07] PID:2758660 SYS_CPU:1.7% SYS_MEM:38.1% PROC_CPU:0.7% PROC_RSS:392.9MB DISK_USED:9%
[2026-08-26 09:16:12] PID:2758660 SYS_CPU:2.3% SYS_MEM:38.2% PROC_CPU:0.7% PROC_RSS:442.9MB DISK_USED:9%
[2026-08-26 09:16:18] PID:2758660 SYS_CPU:1.7% SYS_MEM:38.3% PROC_CPU:0.7% PROC_RSS:492.9MB DISK_USED:9%
[2026-08-26 09:16:23] PID:2758660 SYS_CPU:5.7% SYS_MEM:38.3% PROC_CPU:0.7% PROC_RSS:517.9MB DISK_USED:9%
[2026-08-26 09:16:29] PID:2758660 SYS_CPU:11.4% SYS_MEM:37.6% PROC_CPU:0.7% PROC_RSS:67.9MB DISK_USED:9%
[2026-08-26 09:16:34] PID:2758660 SYS_CPU:2.2% SYS_MEM:37.6% PROC_CPU:0.7% PROC_RSS:67.9MB DISK_USED:9%
[2026-08-26 09:16:39] PID:2758660 SYS_CPU:2.3% SYS_MEM:37.7% PROC_CPU:0.7% PROC_RSS:117.9MB DISK_USED:9%
[2026-08-26 09:16:45] PID:2758660 SYS_CPU:1.7% SYS_MEM:37.8% PROC_CPU:0.7% PROC_RSS:167.9MB DISK_USED:9%
[2026-08-26 09:16:50] PID:2758660 SYS_CPU:1.7% SYS_MEM:37.9% PROC_CPU:0.7% PROC_RSS:217.9MB DISK_USED:9%
[2026-08-26 09:16:55] PID:2758660 SYS_CPU:1.7% SYS_MEM:37.9% PROC_CPU:0.7% PROC_RSS:242.9MB DISK_USED:9%
[2026-08-26 09:17:01] PID:2758660 SYS_CPU:9.7% SYS_MEM:37.9% PROC_CPU:0.7% PROC_RSS:292.9MB DISK_USED:9%
[2026-08-26 09:17:06] PID:2758660 SYS_CPU:4.0% SYS_MEM:38.0% PROC_CPU:0.7% PROC_RSS:342.9MB DISK_USED:9%
[2026-08-26 09:17:11] PID:2758660 SYS_CPU:6.8% SYS_MEM:38.5% PROC_CPU:0.7% PROC_RSS:392.9MB DISK_USED:9%
[2026-08-26 09:17:17] PID:2758660 SYS_CPU:2.3% SYS_MEM:38.6% PROC_CPU:0.7% PROC_RSS:442.9MB DISK_USED:9%

#-----------------------------------------------------------------------------
# §3. 실험 파이프라인 고해상도 샘플 (3초 간격)
#     lib_experiment.sh _sample_to() — monitor.sh §3 과 동일한 계산식을 그대로 미러링
#-----------------------------------------------------------------------------
# ── Deadlock Before (MULTI_THREAD_ENABLE=true) start 2026-08-26 09:12:50 ──
[2026-08-26 09:12:51] PID:2756210 SYS_CPU:1.1% SYS_MEM:37.5% PROC_CPU:3.2% PROC_RSS:17.6MB DISK_USED:9%
[2026-08-26 09:12:55] PID:2756210 SYS_CPU:1.7% SYS_MEM:37.5% PROC_CPU:0.8% PROC_RSS:17.6MB DISK_USED:9%
[2026-08-26 09:12:58] PID:2756210 SYS_CPU:1.7% SYS_MEM:37.5% PROC_CPU:0.5% PROC_RSS:17.7MB DISK_USED:9%
[2026-08-26 09:13:01] PID:2756210 SYS_CPU:6.9% SYS_MEM:37.5% PROC_CPU:0.3% PROC_RSS:17.7MB DISK_USED:9%
[2026-08-26 09:13:04] PID:2756210 SYS_CPU:1.1% SYS_MEM:37.5% PROC_CPU:0.2% PROC_RSS:17.7MB DISK_USED:9%
[2026-08-26 09:13:08] PID:2756210 SYS_CPU:1.1% SYS_MEM:37.5% PROC_CPU:0.2% PROC_RSS:17.7MB DISK_USED:9%
[2026-08-26 09:13:11] PID:2756210 SYS_CPU:2.3% SYS_MEM:37.5% PROC_CPU:0.1% PROC_RSS:17.7MB DISK_USED:9%
[2026-08-26 09:13:14] PID:2756210 SYS_CPU:1.7% SYS_MEM:37.5% PROC_CPU:0.1% PROC_RSS:17.7MB DISK_USED:9%
[2026-08-26 09:13:18] PID:2756210 SYS_CPU:1.1% SYS_MEM:37.5% PROC_CPU:0.1% PROC_RSS:17.7MB DISK_USED:9%
[2026-08-26 09:13:21] PID:2756210 SYS_CPU:1.7% SYS_MEM:37.5% PROC_CPU:0.1% PROC_RSS:17.7MB DISK_USED:9%
[2026-08-26 09:13:24] PID:2756210 SYS_CPU:1.1% SYS_MEM:37.5% PROC_CPU:0.1% PROC_RSS:17.7MB DISK_USED:9%
[2026-08-26 09:13:27] PID:2756210 SYS_CPU:2.3% SYS_MEM:37.5% PROC_CPU:0.1% PROC_RSS:17.7MB DISK_USED:9%
[2026-08-26 09:13:31] PID:2756210 SYS_CPU:1.7% SYS_MEM:37.5% PROC_CPU:0.0% PROC_RSS:17.7MB DISK_USED:9%
[2026-08-26 09:13:34] PID:2756210 SYS_CPU:1.7% SYS_MEM:37.5% PROC_CPU:0.0% PROC_RSS:17.7MB DISK_USED:9%
[2026-08-26 09:13:37] PID:2756210 SYS_CPU:4.0% SYS_MEM:37.5% PROC_CPU:0.0% PROC_RSS:17.7MB DISK_USED:9%
[2026-08-26 09:13:40] PID:2756210 SYS_CPU:1.1% SYS_MEM:37.5% PROC_CPU:0.0% PROC_RSS:17.7MB DISK_USED:9%
[2026-08-26 09:13:44] PID:2756210 SYS_CPU:1.7% SYS_MEM:37.5% PROC_CPU:0.0% PROC_RSS:17.7MB DISK_USED:9%
[2026-08-26 09:13:47] PID:2756210 SYS_CPU:1.7% SYS_MEM:37.5% PROC_CPU:0.0% PROC_RSS:17.7MB DISK_USED:9%
[2026-08-26 09:13:50] PID:2756210 SYS_CPU:2.2% SYS_MEM:37.5% PROC_CPU:0.0% PROC_RSS:17.7MB DISK_USED:9%
[2026-08-26 09:13:54] PID:2756210 SYS_CPU:2.3% SYS_MEM:37.5% PROC_CPU:0.0% PROC_RSS:17.7MB DISK_USED:9%
[2026-08-26 09:13:57] PID:2756210 SYS_CPU:1.1% SYS_MEM:37.5% PROC_CPU:0.0% PROC_RSS:17.7MB DISK_USED:9%
[2026-08-26 09:14:00] PID:2756210 SYS_CPU:1.1% SYS_MEM:37.5% PROC_CPU:0.0% PROC_RSS:17.7MB DISK_USED:9%
[2026-08-26 09:14:03] PID:2756210 SYS_CPU:1.7% SYS_MEM:37.5% PROC_CPU:0.0% PROC_RSS:17.7MB DISK_USED:9%
[2026-08-26 09:14:07] PID:2756210 SYS_CPU:1.7% SYS_MEM:37.5% PROC_CPU:0.0% PROC_RSS:17.7MB DISK_USED:9%
# ── Deadlock After (MULTI_THREAD_ENABLE=false) start 2026-08-26 09:14:14 ──
[2026-08-26 09:14:15] PID:2758660 SYS_CPU:1.7% SYS_MEM:37.5% PROC_CPU:3.3% PROC_RSS:17.6MB DISK_USED:9%
[2026-08-26 09:14:19] PID:2758660 SYS_CPU:1.1% SYS_MEM:37.5% PROC_CPU:1.3% PROC_RSS:42.9MB DISK_USED:9%
[2026-08-26 09:14:22] PID:2758660 SYS_CPU:1.7% SYS_MEM:37.5% PROC_CPU:1.0% PROC_RSS:67.9MB DISK_USED:9%
[2026-08-26 09:14:25] PID:2758660 SYS_CPU:1.7% SYS_MEM:37.6% PROC_CPU:0.9% PROC_RSS:92.9MB DISK_USED:9%
[2026-08-26 09:14:28] PID:2758660 SYS_CPU:2.3% SYS_MEM:37.6% PROC_CPU:0.9% PROC_RSS:117.9MB DISK_USED:9%
[2026-08-26 09:14:32] PID:2758660 SYS_CPU:1.1% SYS_MEM:37.7% PROC_CPU:0.8% PROC_RSS:142.9MB DISK_USED:9%
[2026-08-26 09:14:35] PID:2758660 SYS_CPU:0.6% SYS_MEM:37.7% PROC_CPU:0.8% PROC_RSS:167.9MB DISK_USED:9%
[2026-08-26 09:14:38] PID:2758660 SYS_CPU:1.1% SYS_MEM:37.8% PROC_CPU:0.7% PROC_RSS:192.9MB DISK_USED:9%
[2026-08-26 09:14:42] PID:2758660 SYS_CPU:2.3% SYS_MEM:37.9% PROC_CPU:0.8% PROC_RSS:242.9MB DISK_USED:9%
[2026-08-26 09:14:45] PID:2758660 SYS_CPU:1.7% SYS_MEM:37.9% PROC_CPU:0.7% PROC_RSS:267.9MB DISK_USED:9%
[2026-08-26 09:14:48] PID:2758660 SYS_CPU:5.1% SYS_MEM:37.9% PROC_CPU:0.7% PROC_RSS:292.9MB DISK_USED:9%
[2026-08-26 09:14:51] PID:2758660 SYS_CPU:1.7% SYS_MEM:38.0% PROC_CPU:0.7% PROC_RSS:317.9MB DISK_USED:9%
[2026-08-26 09:14:55] PID:2758660 SYS_CPU:2.8% SYS_MEM:38.0% PROC_CPU:0.7% PROC_RSS:343.0MB DISK_USED:9%
[2026-08-26 09:14:58] PID:2758660 SYS_CPU:3.4% SYS_MEM:38.1% PROC_CPU:0.7% PROC_RSS:368.0MB DISK_USED:9%
[2026-08-26 09:15:01] PID:2758660 SYS_CPU:1.7% SYS_MEM:38.1% PROC_CPU:0.7% PROC_RSS:393.0MB DISK_USED:9%
[2026-08-26 09:15:04] PID:2758660 SYS_CPU:1.7% SYS_MEM:38.1% PROC_CPU:0.7% PROC_RSS:418.0MB DISK_USED:9%
[2026-08-26 09:15:08] PID:2758660 SYS_CPU:1.7% SYS_MEM:38.2% PROC_CPU:0.7% PROC_RSS:443.0MB DISK_USED:9%
[2026-08-26 09:15:11] PID:2758660 SYS_CPU:1.7% SYS_MEM:38.2% PROC_CPU:0.7% PROC_RSS:468.0MB DISK_USED:9%
[2026-08-26 09:15:14] PID:2758660 SYS_CPU:2.3% SYS_MEM:38.3% PROC_CPU:0.7% PROC_RSS:493.0MB DISK_USED:9%
[2026-08-26 09:15:18] PID:2758660 SYS_CPU:4.6% SYS_MEM:38.3% PROC_CPU:0.7% PROC_RSS:518.0MB DISK_USED:9%
[2026-08-26 09:15:21] PID:2758660 SYS_CPU:1.7% SYS_MEM:37.6% PROC_CPU:0.7% PROC_RSS:17.9MB DISK_USED:9%
[2026-08-26 09:15:24] PID:2758660 SYS_CPU:3.4% SYS_MEM:37.6% PROC_CPU:0.7% PROC_RSS:42.9MB DISK_USED:9%
[2026-08-26 09:15:27] PID:2758660 SYS_CPU:1.7% SYS_MEM:37.6% PROC_CPU:0.7% PROC_RSS:67.9MB DISK_USED:9%
[2026-08-26 09:15:31] PID:2758660 SYS_CPU:1.1% SYS_MEM:37.6% PROC_CPU:0.7% PROC_RSS:92.9MB DISK_USED:9%
[2026-08-26 09:15:34] PID:2758660 SYS_CPU:1.7% SYS_MEM:37.7% PROC_CPU:0.7% PROC_RSS:117.9MB DISK_USED:9%
[2026-08-26 09:15:37] PID:2758660 SYS_CPU:2.3% SYS_MEM:37.7% PROC_CPU:0.7% PROC_RSS:142.9MB DISK_USED:9%
[2026-08-26 09:15:41] PID:2758660 SYS_CPU:4.0% SYS_MEM:37.7% PROC_CPU:0.7% PROC_RSS:167.9MB DISK_USED:9%
[2026-08-26 09:15:44] PID:2758660 SYS_CPU:2.9% SYS_MEM:37.8% PROC_CPU:0.7% PROC_RSS:192.9MB DISK_USED:9%
[2026-08-26 09:15:47] PID:2758660 SYS_CPU:1.7% SYS_MEM:37.8% PROC_CPU:0.7% PROC_RSS:242.9MB DISK_USED:9%
[2026-08-26 09:15:50] PID:2758660 SYS_CPU:1.7% SYS_MEM:37.9% PROC_CPU:0.7% PROC_RSS:267.9MB DISK_USED:9%
[2026-08-26 09:15:54] PID:2758660 SYS_CPU:1.1% SYS_MEM:37.9% PROC_CPU:0.7% PROC_RSS:292.9MB DISK_USED:9%
[2026-08-26 09:15:57] PID:2758660 SYS_CPU:1.7% SYS_MEM:38.0% PROC_CPU:0.7% PROC_RSS:317.9MB DISK_USED:9%
[2026-08-26 09:16:00] PID:2758660 SYS_CPU:1.1% SYS_MEM:38.0% PROC_CPU:0.7% PROC_RSS:342.9MB DISK_USED:9%
[2026-08-26 09:16:03] PID:2758660 SYS_CPU:1.1% SYS_MEM:38.1% PROC_CPU:0.7% PROC_RSS:367.9MB DISK_USED:9%
[2026-08-26 09:16:07] PID:2758660 SYS_CPU:1.7% SYS_MEM:38.1% PROC_CPU:0.7% PROC_RSS:392.9MB DISK_USED:9%
[2026-08-26 09:16:10] PID:2758660 SYS_CPU:2.8% SYS_MEM:38.2% PROC_CPU:0.7% PROC_RSS:417.9MB DISK_USED:9%
[2026-08-26 09:16:13] PID:2758660 SYS_CPU:8.0% SYS_MEM:38.2% PROC_CPU:0.7% PROC_RSS:442.9MB DISK_USED:9%
[2026-08-26 09:16:17] PID:2758660 SYS_CPU:2.8% SYS_MEM:38.2% PROC_CPU:0.7% PROC_RSS:467.9MB DISK_USED:9%
[2026-08-26 09:16:20] PID:2758660 SYS_CPU:2.8% SYS_MEM:38.3% PROC_CPU:0.7% PROC_RSS:492.9MB DISK_USED:9%
[2026-08-26 09:16:23] PID:2758660 SYS_CPU:5.1% SYS_MEM:38.3% PROC_CPU:0.7% PROC_RSS:517.9MB DISK_USED:9%
[2026-08-26 09:16:26] PID:2758660 SYS_CPU:11.3% SYS_MEM:37.6% PROC_CPU:0.7% PROC_RSS:67.9MB DISK_USED:9%
[2026-08-26 09:16:30] PID:2758660 SYS_CPU:12.1% SYS_MEM:37.7% PROC_CPU:0.7% PROC_RSS:67.9MB DISK_USED:9%
[2026-08-26 09:16:33] PID:2758660 SYS_CPU:1.1% SYS_MEM:37.7% PROC_CPU:0.7% PROC_RSS:67.9MB DISK_USED:9%
[2026-08-26 09:16:36] PID:2758660 SYS_CPU:1.7% SYS_MEM:37.7% PROC_CPU:0.7% PROC_RSS:92.9MB DISK_USED:9%
[2026-08-26 09:16:39] PID:2758660 SYS_CPU:6.3% SYS_MEM:37.7% PROC_CPU:0.7% PROC_RSS:117.9MB DISK_USED:9%
[2026-08-26 09:16:43] PID:2758660 SYS_CPU:1.1% SYS_MEM:37.7% PROC_CPU:0.7% PROC_RSS:142.9MB DISK_USED:9%
[2026-08-26 09:16:46] PID:2758660 SYS_CPU:1.7% SYS_MEM:37.8% PROC_CPU:0.7% PROC_RSS:167.9MB DISK_USED:9%
[2026-08-26 09:16:49] PID:2758660 SYS_CPU:3.9% SYS_MEM:37.8% PROC_CPU:0.7% PROC_RSS:192.9MB DISK_USED:9%
[2026-08-26 09:16:53] PID:2758660 SYS_CPU:1.7% SYS_MEM:37.9% PROC_CPU:0.7% PROC_RSS:242.9MB DISK_USED:9%
[2026-08-26 09:16:56] PID:2758660 SYS_CPU:1.7% SYS_MEM:37.9% PROC_CPU:0.7% PROC_RSS:267.9MB DISK_USED:9%
[2026-08-26 09:16:59] PID:2758660 SYS_CPU:3.4% SYS_MEM:38.0% PROC_CPU:0.7% PROC_RSS:292.9MB DISK_USED:9%
[2026-08-26 09:17:02] PID:2758660 SYS_CPU:5.1% SYS_MEM:38.0% PROC_CPU:0.7% PROC_RSS:317.9MB DISK_USED:9%
[2026-08-26 09:17:06] PID:2758660 SYS_CPU:3.4% SYS_MEM:38.0% PROC_CPU:0.7% PROC_RSS:342.9MB DISK_USED:9%
[2026-08-26 09:17:09] PID:2758660 SYS_CPU:6.2% SYS_MEM:38.1% PROC_CPU:0.7% PROC_RSS:367.9MB DISK_USED:9%
[2026-08-26 09:17:12] PID:2758660 SYS_CPU:2.8% SYS_MEM:38.5% PROC_CPU:0.7% PROC_RSS:392.9MB DISK_USED:9%
[2026-08-26 09:17:15] PID:2758660 SYS_CPU:3.4% SYS_MEM:38.6% PROC_CPU:0.7% PROC_RSS:417.9MB DISK_USED:9%

#-----------------------------------------------------------------------------
# §4. MULTI_THREAD_ENABLE 재현/회피 비교 요약  [B1-2-E-DL1~4 / B1-2-A7 / B1-2-A9]
#-----------------------------------------------------------------------------

  지표                          Before (true)                    After (false)
  ---------------------------   ------------------------------   ------------------------------
  부팅 배너                     [ THREAD ] Concurrency: True      [ THREAD ] Concurrency: False
                                  [ WARNING ]                       [ OK ]
                                >>> SYSTEM WARNING: POTENTIAL     >>> SYSTEM STATUS: STABLE.
                                    DEADLOCK IN CONCURRENT MODE.
  PID 생존                      생존 (관측 3m00s 내내)            생존 (관측 3m00s 내내)
  앱 로그                       09:13:00 이후 완전 정지            끝까지 계속 전진
  마지막 로그 라인              [Worker-Thread-1] WAITING for      (정지 없음)
                                [Socket_Pool_B]... (Status:
                                BLOCKED)  / Thread-2 는
                                [Shared_Memory_A] 대기
  PROC_RSS                      17.7MB 에서 76초간 불변            17.6 → 417.9MB 로 증가
  PROC_CPU (누적평균)           3.2% → 0.0% 로 감쇠 후 0 고정      0.7% 유지 (일 하고 있음)
  ps -L WCHAN                   3스레드 전부 futex_wait_queue      futex_wait_queue 1 + do_select 2
  top -H TIME+                  0:00.04 / 0:00.00 / 0:00.00        0:00.05 / 0:00.79 / 0:00.47
  자가 종료 / 자가 복구         없음 (수동 SIGTERM 필요)           해당 없음
  curl 127.0.0.1:15034          timeout, 0 bytes                   timeout, 0 bytes  ← 판별력 없음

  → PID 는 있는데 CPU·메모리가 멈추고 로그도 멈춘 '무응답' 상태 = B1-2-A7 이 요구한 식별 조건.
  → 마지막 두 로그 라인이 T1: A 보유 → B 대기 / T2: B 보유 → A 대기 의 순환 대기를 보여주고,
    ps -L 의 futex_wait_queue 3개가 '커널이 실제로 futex 위에서 재우고 있다' 로 이를 뒷받침한다
    (B1-2-E-DL4 / B1-2-A8).
  → 시간 경과에도 변화가 없다는 것은 deadlock_ps_top.txt §2 에서 30s/120s/210s 세 시점의
    TIME+ · VmRSS · voluntary_ctxt_switches(14 고정) · 로그 파일 크기(1517 bytes 고정) 로 확인된다.
