# =============================================================================
# OOM 케이스 — 관제(monitor.sh) 로그  [B1-2-E-OOM1 / B1-2-A1 / B1-2-A3]
# =============================================================================
#   ※ 이 파일은 위 환경에서 실제로 실행해 받은 산출물이다. 과제 PDF 예시가 아니다.
#   수집 시각: 2026-08-26 09:02:35 ~ 09:06:13 (KST)
#   호스트   : devjsy / Ubuntu 24.04.4 LTS / Linux 6.8.0-138-generic x86_64 / 16 vCPU / 62 GiB RAM / CLK_TCK=100
#   실행 계정: ashofrondol (uid=1000) — root 아님 (B1-2-P1 충족)
#   바이너리 : $AGENT_HOME/agent-leak-app  (md5 0fb02e12554328b32e6e1adac861630e, repo bin/ 과 동일)
#
#   사전 환경변수:
#   export AGENT_HOME=/home/ashofrondol/b12_sandbox/agent-app
#   export AGENT_PORT=15034
#   export AGENT_UPLOAD_DIR="$AGENT_HOME/upload_files"
#   export AGENT_KEY_PATH="$AGENT_HOME/api_keys"      # secret.key = "agent_api_key_test"
#   export AGENT_LOG_DIR=/home/ashofrondol/b12_sandbox/logs
#   실험 환경변수: Before: MEMORY_LIMIT=256 CPU_MAX_OCCUPY=10 MULTI_THREAD_ENABLE=false / After: MEMORY_LIMIT=512 CPU_MAX_OCCUPY=10 MULTI_THREAD_ENABLE=false
#
#   수집 명령:
#   # (1) 실험 파이프라인 — 앱 기동/전환/증거 수집 전체를 자동화
#   cd $REPO && EVIDENCE_DIR="$PWD/evidence" SAMPLE_INTERVAL=3 AFTER_FACTOR=60 \
#     OOM_BEFORE_TIMEOUT=300 RUN_AFTER=1 bash src/experiments/00_run_experiments.sh oom
#   
#   # (2) 위 파이프라인이 도는 동안 별도 셸에서 관제 스크립트를 3초 간격 반복 실행
#   #     (cron 매분 대신 실험 구간을 촘촘히 보기 위한 것. 스크립트 자체는 무수정)
#   while :; do bash "$REPO/src/monitor.sh"; sleep 3; done
#
#   컬럼 의미 — SYS_* = 호스트 전체 / PROC_* = 대상 프로세스(ps -o rss=,pcpu= -p <PID>).
#   SYS_MEM 은 free 기반 호스트 전체값이라 앱 heap 증가가 거의 반영되지 않는다.
#     요구사항 B1-2-A1 이 말하는 '대상 프로세스의 물리 메모리' 는 PROC_RSS 컬럼이다.
#   PROC_CPU 는 ps %CPU = '프로세스 시작 이후 누적 평균' 이다(순간값 아님).
#     순간값은 cpu_top_ps.txt 의 /proc/<pid>/stat 1초 델타 측정 표를 볼 것.
# =============================================================================


#-----------------------------------------------------------------------------
# §1. src/monitor.sh 콘솔 출력 (구간 경계 발췌 6블록 / 전체 88블록)
#-----------------------------------------------------------------------------

### ----- Before 구간 시작 — 첫 정상 수집 -----
$ AGENT_LOG_DIR=/home/ashofrondol/b12_sandbox/logs bash src/monitor.sh        # 2026-08-26 09:02:38
====== SYSTEM MONITOR RESULT ======

[HEALTH CHECK]
Checking process 'agent-leak-app'... [OK] (PID: 2738539)
Checking port 15034... [OK]

[RESOURCE MONITORING]
SYS  CPU Usage : 1.7%
SYS  MEM Usage : 37.5%
PROC CPU (avg) : 2.2%   (PID 2738539)
PROC RSS       : 42.7 MB (PID 2738539)
DISK Used      : 9%

[WARNING] SYS MEM threshold exceeded (37.5% > 10%)

[INFO] Log appended: /home/ashofrondol/b12_sandbox/logs/monitor.log
(monitor.sh exit=0)

### ----- Before 마지막 정상 수집 — MemoryGuard 자가종료 직전 (PROC_RSS 최고점) -----
$ AGENT_LOG_DIR=/home/ashofrondol/b12_sandbox/logs bash src/monitor.sh        # 2026-08-26 09:03:05
====== SYSTEM MONITOR RESULT ======

[HEALTH CHECK]
Checking process 'agent-leak-app'... [OK] (PID: 2738539)
Checking port 15034... [OK]

[RESOURCE MONITORING]
SYS  CPU Usage : 1.7%
SYS  MEM Usage : 37.8%
PROC CPU (avg) : 0.5%   (PID 2738539)
PROC RSS       : 242.7 MB (PID 2738539)
DISK Used      : 9%

[WARNING] SYS MEM threshold exceeded (37.8% > 10%)

[INFO] Log appended: /home/ashofrondol/b12_sandbox/logs/monitor.log
(monitor.sh exit=0)

### ----- Before 자가종료 순간 — 워커(자식) 프로세스 소멸로 PROC_RSS/PROC_CPU 가 0 으로 낙하
###          (PyInstaller 부트로더 부모 스텁만 1~2초 잔존해 pgrep 은 아직 [OK] 로 잡힌다) -----
$ AGENT_LOG_DIR=/home/ashofrondol/b12_sandbox/logs bash src/monitor.sh        # 2026-08-26 09:03:08
====== SYSTEM MONITOR RESULT ======

[HEALTH CHECK]
Checking process 'agent-leak-app'... [OK] (PID: 2738539)
Checking port 15034... [OK]

[RESOURCE MONITORING]
SYS  CPU Usage : 2.3%
SYS  MEM Usage : 37.5%
PROC CPU (avg) : 0.0%   (PID 2738539)
PROC RSS       : 0.0 MB (PID 2738539)
DISK Used      : 9%

[WARNING] SYS MEM threshold exceeded (37.5% > 10%)

[INFO] Log appended: /home/ashofrondol/b12_sandbox/logs/monitor.log
(monitor.sh exit=0)

### ----- After 구간 시작 — 조치 적용 후 첫 정상 수집 -----
$ AGENT_LOG_DIR=/home/ashofrondol/b12_sandbox/logs bash src/monitor.sh        # 2026-08-26 09:03:12
====== SYSTEM MONITOR RESULT ======

[HEALTH CHECK]
Checking process 'agent-leak-app'... [OK] (PID: 2739609)
Checking port 15034... [OK]

[RESOURCE MONITORING]
SYS  CPU Usage : 2.3%
SYS  MEM Usage : 37.5%
PROC CPU (avg) : 3.1%   (PID 2739609)
PROC RSS       : 17.7 MB (PID 2739609)
DISK Used      : 9%

[WARNING] SYS MEM threshold exceeded (37.5% > 10%)

[INFO] Log appended: /home/ashofrondol/b12_sandbox/logs/monitor.log
(monitor.sh exit=0)

### ----- After 마지막 수집 — 관측 종료(3m00s)까지 계속 가동 중 -----
$ AGENT_LOG_DIR=/home/ashofrondol/b12_sandbox/logs bash src/monitor.sh        # 2026-08-26 09:06:10
====== SYSTEM MONITOR RESULT ======

[HEALTH CHECK]
Checking process 'agent-leak-app'... [OK] (PID: 2739609)
Checking port 15034... [OK]

[RESOURCE MONITORING]
SYS  CPU Usage : 0.6%
SYS  MEM Usage : 38.1%
PROC CPU (avg) : 0.7%   (PID 2739609)
PROC RSS       : 393.0 MB (PID 2739609)
DISK Used      : 9%

[WARNING] SYS MEM threshold exceeded (38.1% > 10%)

[INFO] Log appended: /home/ashofrondol/b12_sandbox/logs/monitor.log
(monitor.sh exit=0)

### ----- 참고) 대상 프로세스가 없을 때의 monitor.sh 동작 — Health Check FAIL 후 exit=1 -----
$ AGENT_LOG_DIR=/home/ashofrondol/b12_sandbox/logs bash src/monitor.sh        # 2026-08-26 09:07:20
====== SYSTEM MONITOR RESULT ======

[HEALTH CHECK]
Checking process 'agent-leak-app'... [FAIL]
[ERROR] Application process not running.
(monitor.sh exit=1)

#-----------------------------------------------------------------------------
# §2. src/monitor.sh 가 $AGENT_LOG_DIR/monitor.log 에 append 한 관제 라인 (전량)
#     한 줄 포맷: [TS] PID:n SYS_CPU:x% SYS_MEM:y% PROC_CPU:z% PROC_RSS:wMB DISK_USED:d%
#-----------------------------------------------------------------------------

### ===== OOM Before  (export MEMORY_LIMIT=256 CPU_MAX_OCCUPY=10 MULTI_THREAD_ENABLE=false)    (구간 시작 2026-08-26 09:02:36) =====
[2026-08-26 09:02:38] PID:2738539 SYS_CPU:1.7% SYS_MEM:37.5% PROC_CPU:2.2% PROC_RSS:42.7MB DISK_USED:9%
[2026-08-26 09:02:42] PID:2738539 SYS_CPU:1.7% SYS_MEM:37.5% PROC_CPU:1.0% PROC_RSS:67.7MB DISK_USED:9%
[2026-08-26 09:02:45] PID:2738539 SYS_CPU:1.1% SYS_MEM:37.5% PROC_CPU:0.8% PROC_RSS:92.7MB DISK_USED:9%
[2026-08-26 09:02:48] PID:2738539 SYS_CPU:1.1% SYS_MEM:37.6% PROC_CPU:0.7% PROC_RSS:117.7MB DISK_USED:9%
[2026-08-26 09:02:52] PID:2738539 SYS_CPU:1.7% SYS_MEM:37.6% PROC_CPU:0.6% PROC_RSS:142.7MB DISK_USED:9%
[2026-08-26 09:02:55] PID:2738539 SYS_CPU:2.3% SYS_MEM:37.7% PROC_CPU:0.5% PROC_RSS:167.7MB DISK_USED:9%
[2026-08-26 09:02:58] PID:2738539 SYS_CPU:1.7% SYS_MEM:37.7% PROC_CPU:0.5% PROC_RSS:192.7MB DISK_USED:9%
[2026-08-26 09:03:02] PID:2738539 SYS_CPU:1.7% SYS_MEM:37.7% PROC_CPU:0.5% PROC_RSS:217.7MB DISK_USED:9%
[2026-08-26 09:03:05] PID:2738539 SYS_CPU:1.7% SYS_MEM:37.8% PROC_CPU:0.5% PROC_RSS:242.7MB DISK_USED:9%
[2026-08-26 09:03:08] PID:2738539 SYS_CPU:2.3% SYS_MEM:37.5% PROC_CPU:0.0% PROC_RSS:0.0MB DISK_USED:9%

### ===== OOM After  (export MEMORY_LIMIT=512 CPU_MAX_OCCUPY=10 MULTI_THREAD_ENABLE=false)    (구간 시작 2026-08-26 09:03:11) =====
[2026-08-26 09:03:12] PID:2739609 SYS_CPU:2.3% SYS_MEM:37.5% PROC_CPU:3.1% PROC_RSS:17.7MB DISK_USED:9%
[2026-08-26 09:03:15] PID:2739609 SYS_CPU:2.3% SYS_MEM:37.5% PROC_CPU:1.2% PROC_RSS:42.9MB DISK_USED:9%
[2026-08-26 09:03:19] PID:2739609 SYS_CPU:2.8% SYS_MEM:37.5% PROC_CPU:1.1% PROC_RSS:67.9MB DISK_USED:9%
[2026-08-26 09:03:22] PID:2739609 SYS_CPU:1.7% SYS_MEM:37.5% PROC_CPU:0.9% PROC_RSS:92.9MB DISK_USED:9%
[2026-08-26 09:03:25] PID:2739609 SYS_CPU:6.3% SYS_MEM:37.6% PROC_CPU:0.8% PROC_RSS:117.9MB DISK_USED:9%
[2026-08-26 09:03:29] PID:2739609 SYS_CPU:1.7% SYS_MEM:37.6% PROC_CPU:0.8% PROC_RSS:143.0MB DISK_USED:9%
[2026-08-26 09:03:32] PID:2739609 SYS_CPU:2.9% SYS_MEM:37.7% PROC_CPU:0.8% PROC_RSS:193.0MB DISK_USED:9%
[2026-08-26 09:03:35] PID:2739609 SYS_CPU:6.2% SYS_MEM:37.8% PROC_CPU:0.8% PROC_RSS:218.0MB DISK_USED:9%
[2026-08-26 09:03:39] PID:2739609 SYS_CPU:4.5% SYS_MEM:37.8% PROC_CPU:0.8% PROC_RSS:243.0MB DISK_USED:9%
[2026-08-26 09:03:42] PID:2739609 SYS_CPU:2.3% SYS_MEM:37.8% PROC_CPU:0.8% PROC_RSS:268.0MB DISK_USED:9%
[2026-08-26 09:03:45] PID:2739609 SYS_CPU:5.7% SYS_MEM:38.1% PROC_CPU:0.8% PROC_RSS:293.0MB DISK_USED:9%
[2026-08-26 09:03:49] PID:2739609 SYS_CPU:1.7% SYS_MEM:38.1% PROC_CPU:0.7% PROC_RSS:318.0MB DISK_USED:9%
[2026-08-26 09:03:52] PID:2739609 SYS_CPU:2.8% SYS_MEM:38.1% PROC_CPU:0.7% PROC_RSS:343.0MB DISK_USED:9%
[2026-08-26 09:03:55] PID:2739609 SYS_CPU:5.6% SYS_MEM:38.2% PROC_CPU:0.7% PROC_RSS:368.0MB DISK_USED:9%
[2026-08-26 09:03:59] PID:2739609 SYS_CPU:1.7% SYS_MEM:38.2% PROC_CPU:0.7% PROC_RSS:393.0MB DISK_USED:9%
[2026-08-26 09:04:02] PID:2739609 SYS_CPU:2.3% SYS_MEM:38.3% PROC_CPU:0.7% PROC_RSS:443.0MB DISK_USED:9%
[2026-08-26 09:04:06] PID:2739609 SYS_CPU:1.1% SYS_MEM:38.4% PROC_CPU:0.7% PROC_RSS:468.0MB DISK_USED:9%
[2026-08-26 09:04:09] PID:2739609 SYS_CPU:1.1% SYS_MEM:38.4% PROC_CPU:0.7% PROC_RSS:493.0MB DISK_USED:9%
[2026-08-26 09:04:12] PID:2739609 SYS_CPU:1.7% SYS_MEM:38.4% PROC_CPU:0.7% PROC_RSS:518.0MB DISK_USED:9%
[2026-08-26 09:04:16] PID:2739609 SYS_CPU:1.1% SYS_MEM:37.7% PROC_CPU:0.7% PROC_RSS:17.9MB DISK_USED:9%
[2026-08-26 09:04:19] PID:2739609 SYS_CPU:1.7% SYS_MEM:37.7% PROC_CPU:0.7% PROC_RSS:17.9MB DISK_USED:9%
[2026-08-26 09:04:22] PID:2739609 SYS_CPU:1.7% SYS_MEM:37.7% PROC_CPU:0.8% PROC_RSS:67.9MB DISK_USED:9%
[2026-08-26 09:04:26] PID:2739609 SYS_CPU:1.7% SYS_MEM:37.8% PROC_CPU:0.7% PROC_RSS:92.9MB DISK_USED:9%
[2026-08-26 09:04:29] PID:2739609 SYS_CPU:2.9% SYS_MEM:37.8% PROC_CPU:0.7% PROC_RSS:117.9MB DISK_USED:9%
[2026-08-26 09:04:32] PID:2739609 SYS_CPU:1.7% SYS_MEM:37.8% PROC_CPU:0.7% PROC_RSS:142.9MB DISK_USED:9%
[2026-08-26 09:04:36] PID:2739609 SYS_CPU:1.1% SYS_MEM:37.9% PROC_CPU:0.7% PROC_RSS:167.9MB DISK_USED:9%
[2026-08-26 09:04:39] PID:2739609 SYS_CPU:2.3% SYS_MEM:37.9% PROC_CPU:0.7% PROC_RSS:192.9MB DISK_USED:9%
[2026-08-26 09:04:42] PID:2739609 SYS_CPU:2.3% SYS_MEM:38.0% PROC_CPU:0.7% PROC_RSS:217.9MB DISK_USED:9%
[2026-08-26 09:04:46] PID:2739609 SYS_CPU:2.3% SYS_MEM:38.0% PROC_CPU:0.7% PROC_RSS:242.9MB DISK_USED:9%
[2026-08-26 09:04:49] PID:2739609 SYS_CPU:1.7% SYS_MEM:37.9% PROC_CPU:0.7% PROC_RSS:267.9MB DISK_USED:9%
[2026-08-26 09:04:53] PID:2739609 SYS_CPU:2.8% SYS_MEM:38.0% PROC_CPU:0.7% PROC_RSS:318.0MB DISK_USED:9%
[2026-08-26 09:04:56] PID:2739609 SYS_CPU:1.7% SYS_MEM:38.0% PROC_CPU:0.7% PROC_RSS:343.0MB DISK_USED:9%
[2026-08-26 09:04:59] PID:2739609 SYS_CPU:2.3% SYS_MEM:38.0% PROC_CPU:0.7% PROC_RSS:368.0MB DISK_USED:9%
[2026-08-26 09:05:03] PID:2739609 SYS_CPU:1.1% SYS_MEM:38.1% PROC_CPU:0.7% PROC_RSS:393.0MB DISK_USED:9%
[2026-08-26 09:05:06] PID:2739609 SYS_CPU:1.1% SYS_MEM:38.1% PROC_CPU:0.7% PROC_RSS:418.0MB DISK_USED:9%
[2026-08-26 09:05:09] PID:2739609 SYS_CPU:1.7% SYS_MEM:38.2% PROC_CPU:0.7% PROC_RSS:443.0MB DISK_USED:9%
[2026-08-26 09:05:13] PID:2739609 SYS_CPU:1.7% SYS_MEM:38.2% PROC_CPU:0.7% PROC_RSS:468.0MB DISK_USED:9%
[2026-08-26 09:05:16] PID:2739609 SYS_CPU:16.2% SYS_MEM:38.2% PROC_CPU:0.7% PROC_RSS:493.0MB DISK_USED:9%
[2026-08-26 09:05:19] PID:2739609 SYS_CPU:2.8% SYS_MEM:38.3% PROC_CPU:0.7% PROC_RSS:518.0MB DISK_USED:9%
[2026-08-26 09:05:23] PID:2739609 SYS_CPU:1.1% SYS_MEM:37.6% PROC_CPU:0.7% PROC_RSS:67.9MB DISK_USED:9%
[2026-08-26 09:05:26] PID:2739609 SYS_CPU:1.7% SYS_MEM:37.6% PROC_CPU:0.7% PROC_RSS:67.9MB DISK_USED:9%
[2026-08-26 09:05:29] PID:2739609 SYS_CPU:3.5% SYS_MEM:37.6% PROC_CPU:0.7% PROC_RSS:67.9MB DISK_USED:9%
[2026-08-26 09:05:33] PID:2739609 SYS_CPU:1.7% SYS_MEM:37.7% PROC_CPU:0.7% PROC_RSS:92.9MB DISK_USED:9%
[2026-08-26 09:05:36] PID:2739609 SYS_CPU:1.7% SYS_MEM:37.7% PROC_CPU:0.7% PROC_RSS:117.9MB DISK_USED:9%
[2026-08-26 09:05:39] PID:2739609 SYS_CPU:1.7% SYS_MEM:37.7% PROC_CPU:0.7% PROC_RSS:142.9MB DISK_USED:9%
[2026-08-26 09:05:43] PID:2739609 SYS_CPU:1.7% SYS_MEM:37.8% PROC_CPU:0.7% PROC_RSS:167.9MB DISK_USED:9%
[2026-08-26 09:05:46] PID:2739609 SYS_CPU:2.3% SYS_MEM:37.9% PROC_CPU:0.7% PROC_RSS:217.9MB DISK_USED:9%
[2026-08-26 09:05:50] PID:2739609 SYS_CPU:2.3% SYS_MEM:37.9% PROC_CPU:0.7% PROC_RSS:242.9MB DISK_USED:9%
[2026-08-26 09:05:53] PID:2739609 SYS_CPU:1.7% SYS_MEM:37.9% PROC_CPU:0.7% PROC_RSS:267.9MB DISK_USED:9%
[2026-08-26 09:05:56] PID:2739609 SYS_CPU:7.3% SYS_MEM:38.0% PROC_CPU:0.7% PROC_RSS:293.0MB DISK_USED:9%
[2026-08-26 09:06:00] PID:2739609 SYS_CPU:0.6% SYS_MEM:38.0% PROC_CPU:0.7% PROC_RSS:318.0MB DISK_USED:9%
[2026-08-26 09:06:03] PID:2739609 SYS_CPU:4.0% SYS_MEM:38.0% PROC_CPU:0.7% PROC_RSS:343.0MB DISK_USED:9%
[2026-08-26 09:06:06] PID:2739609 SYS_CPU:7.4% SYS_MEM:38.1% PROC_CPU:0.7% PROC_RSS:368.0MB DISK_USED:9%
[2026-08-26 09:06:10] PID:2739609 SYS_CPU:0.6% SYS_MEM:38.1% PROC_CPU:0.7% PROC_RSS:393.0MB DISK_USED:9%

#-----------------------------------------------------------------------------
# §3. 실험 파이프라인 고해상도 샘플 (3초 간격)
#     lib_experiment.sh _sample_to() — monitor.sh §3 과 동일한 계산식을 그대로 미러링
#-----------------------------------------------------------------------------
# ── OOM Before  (export MEMORY_LIMIT=256 CPU_MAX_OCCUPY=10 MULTI_THREAD_ENABLE=false)  start 2026-08-26 09:02:36 ──
[2026-08-26 09:02:37] PID:2738539 SYS_CPU:1.7% SYS_MEM:37.4% PROC_CPU:3.2% PROC_RSS:17.7MB DISK_USED:9%
[2026-08-26 09:02:41] PID:2738539 SYS_CPU:1.7% SYS_MEM:37.5% PROC_CPU:1.0% PROC_RSS:42.7MB DISK_USED:9%
[2026-08-26 09:02:44] PID:2738539 SYS_CPU:6.9% SYS_MEM:37.5% PROC_CPU:0.7% PROC_RSS:67.7MB DISK_USED:9%
[2026-08-26 09:02:47] PID:2738539 SYS_CPU:1.7% SYS_MEM:37.6% PROC_CPU:0.7% PROC_RSS:117.7MB DISK_USED:9%
[2026-08-26 09:02:51] PID:2738539 SYS_CPU:1.7% SYS_MEM:37.6% PROC_CPU:0.6% PROC_RSS:142.7MB DISK_USED:9%
[2026-08-26 09:02:54] PID:2738539 SYS_CPU:5.1% SYS_MEM:37.7% PROC_CPU:0.6% PROC_RSS:167.7MB DISK_USED:9%
[2026-08-26 09:02:57] PID:2738539 SYS_CPU:2.3% SYS_MEM:37.7% PROC_CPU:0.6% PROC_RSS:192.7MB DISK_USED:9%
[2026-08-26 09:03:01] PID:2738539 SYS_CPU:1.1% SYS_MEM:37.7% PROC_CPU:0.5% PROC_RSS:217.7MB DISK_USED:9%
[2026-08-26 09:03:04] PID:2738539 SYS_CPU:1.1% SYS_MEM:37.8% PROC_CPU:0.5% PROC_RSS:242.7MB DISK_USED:9%
[2026-08-26 09:03:07] PID:2738539 SYS_CPU:1.1% SYS_MEM:37.8% PROC_CPU:0.5% PROC_RSS:267.7MB DISK_USED:9%
[2026-08-26 09:03:11] [ERROR] Application process not running. (PID 2738539 종료)
# ── OOM After  (export MEMORY_LIMIT=512 CPU_MAX_OCCUPY=10 MULTI_THREAD_ENABLE=false)  start 2026-08-26 09:03:11 ──
[2026-08-26 09:03:12] PID:2739609 SYS_CPU:5.6% SYS_MEM:37.5% PROC_CPU:3.2% PROC_RSS:17.7MB DISK_USED:9%
[2026-08-26 09:03:15] PID:2739609 SYS_CPU:1.2% SYS_MEM:37.5% PROC_CPU:1.2% PROC_RSS:42.9MB DISK_USED:9%
[2026-08-26 09:03:19] PID:2739609 SYS_CPU:2.8% SYS_MEM:37.5% PROC_CPU:1.1% PROC_RSS:67.9MB DISK_USED:9%
[2026-08-26 09:03:22] PID:2739609 SYS_CPU:5.2% SYS_MEM:37.5% PROC_CPU:0.9% PROC_RSS:92.9MB DISK_USED:9%
[2026-08-26 09:03:25] PID:2739609 SYS_CPU:6.9% SYS_MEM:37.6% PROC_CPU:0.8% PROC_RSS:117.9MB DISK_USED:9%
[2026-08-26 09:03:29] PID:2739609 SYS_CPU:1.7% SYS_MEM:37.6% PROC_CPU:0.8% PROC_RSS:143.0MB DISK_USED:9%
[2026-08-26 09:03:32] PID:2739609 SYS_CPU:7.4% SYS_MEM:37.7% PROC_CPU:0.8% PROC_RSS:193.0MB DISK_USED:9%
[2026-08-26 09:03:35] PID:2739609 SYS_CPU:4.0% SYS_MEM:37.8% PROC_CPU:0.8% PROC_RSS:218.0MB DISK_USED:9%
[2026-08-26 09:03:38] PID:2739609 SYS_CPU:1.1% SYS_MEM:37.8% PROC_CPU:0.7% PROC_RSS:243.0MB DISK_USED:9%
[2026-08-26 09:03:42] PID:2739609 SYS_CPU:6.3% SYS_MEM:37.8% PROC_CPU:0.8% PROC_RSS:268.0MB DISK_USED:9%
[2026-08-26 09:03:45] PID:2739609 SYS_CPU:2.3% SYS_MEM:38.0% PROC_CPU:0.8% PROC_RSS:293.0MB DISK_USED:9%
[2026-08-26 09:03:49] PID:2739609 SYS_CPU:1.1% SYS_MEM:38.1% PROC_CPU:0.7% PROC_RSS:318.0MB DISK_USED:9%
[2026-08-26 09:03:52] PID:2739609 SYS_CPU:1.7% SYS_MEM:38.1% PROC_CPU:0.7% PROC_RSS:343.0MB DISK_USED:9%
[2026-08-26 09:03:55] PID:2739609 SYS_CPU:2.3% SYS_MEM:38.2% PROC_CPU:0.7% PROC_RSS:368.0MB DISK_USED:9%
[2026-08-26 09:03:59] PID:2739609 SYS_CPU:1.1% SYS_MEM:38.2% PROC_CPU:0.7% PROC_RSS:393.0MB DISK_USED:9%
[2026-08-26 09:04:02] PID:2739609 SYS_CPU:1.7% SYS_MEM:38.3% PROC_CPU:0.7% PROC_RSS:418.0MB DISK_USED:9%
[2026-08-26 09:04:05] PID:2739609 SYS_CPU:1.7% SYS_MEM:38.4% PROC_CPU:0.7% PROC_RSS:468.0MB DISK_USED:9%
[2026-08-26 09:04:09] PID:2739609 SYS_CPU:1.7% SYS_MEM:38.4% PROC_CPU:0.7% PROC_RSS:493.0MB DISK_USED:9%
[2026-08-26 09:04:12] PID:2739609 SYS_CPU:1.7% SYS_MEM:38.4% PROC_CPU:0.7% PROC_RSS:518.0MB DISK_USED:9%
[2026-08-26 09:04:15] PID:2739609 SYS_CPU:4.6% SYS_MEM:37.7% PROC_CPU:0.8% PROC_RSS:17.9MB DISK_USED:9%
[2026-08-26 09:04:18] PID:2739609 SYS_CPU:2.3% SYS_MEM:37.7% PROC_CPU:0.7% PROC_RSS:17.9MB DISK_USED:9%
[2026-08-26 09:04:22] PID:2739609 SYS_CPU:1.7% SYS_MEM:37.7% PROC_CPU:0.7% PROC_RSS:42.9MB DISK_USED:9%
[2026-08-26 09:04:25] PID:2739609 SYS_CPU:5.2% SYS_MEM:37.7% PROC_CPU:0.7% PROC_RSS:67.9MB DISK_USED:9%
[2026-08-26 09:04:29] PID:2739609 SYS_CPU:2.3% SYS_MEM:37.8% PROC_CPU:0.7% PROC_RSS:117.9MB DISK_USED:9%
[2026-08-26 09:04:32] PID:2739609 SYS_CPU:1.7% SYS_MEM:37.8% PROC_CPU:0.7% PROC_RSS:142.9MB DISK_USED:9%
[2026-08-26 09:04:35] PID:2739609 SYS_CPU:2.3% SYS_MEM:37.9% PROC_CPU:0.7% PROC_RSS:167.9MB DISK_USED:9%
[2026-08-26 09:04:39] PID:2739609 SYS_CPU:1.7% SYS_MEM:37.9% PROC_CPU:0.7% PROC_RSS:192.9MB DISK_USED:9%
[2026-08-26 09:04:42] PID:2739609 SYS_CPU:1.1% SYS_MEM:38.0% PROC_CPU:0.7% PROC_RSS:217.9MB DISK_USED:9%
[2026-08-26 09:04:45] PID:2739609 SYS_CPU:1.7% SYS_MEM:38.0% PROC_CPU:0.7% PROC_RSS:242.9MB DISK_USED:9%
[2026-08-26 09:04:49] PID:2739609 SYS_CPU:1.1% SYS_MEM:37.9% PROC_CPU:0.7% PROC_RSS:267.9MB DISK_USED:9%
[2026-08-26 09:04:52] PID:2739609 SYS_CPU:1.7% SYS_MEM:37.9% PROC_CPU:0.7% PROC_RSS:293.0MB DISK_USED:9%
[2026-08-26 09:04:55] PID:2739609 SYS_CPU:2.2% SYS_MEM:38.0% PROC_CPU:0.7% PROC_RSS:318.0MB DISK_USED:9%
[2026-08-26 09:04:58] PID:2739609 SYS_CPU:1.7% SYS_MEM:38.0% PROC_CPU:0.7% PROC_RSS:343.0MB DISK_USED:9%
[2026-08-26 09:05:02] PID:2739609 SYS_CPU:1.7% SYS_MEM:38.1% PROC_CPU:0.7% PROC_RSS:393.0MB DISK_USED:9%
[2026-08-26 09:05:05] PID:2739609 SYS_CPU:1.7% SYS_MEM:38.1% PROC_CPU:0.7% PROC_RSS:418.0MB DISK_USED:9%
[2026-08-26 09:05:08] PID:2739609 SYS_CPU:1.7% SYS_MEM:38.2% PROC_CPU:0.7% PROC_RSS:443.0MB DISK_USED:9%
[2026-08-26 09:05:12] PID:2739609 SYS_CPU:2.3% SYS_MEM:38.2% PROC_CPU:0.7% PROC_RSS:468.0MB DISK_USED:9%
[2026-08-26 09:05:15] PID:2739609 SYS_CPU:1.1% SYS_MEM:38.2% PROC_CPU:0.7% PROC_RSS:493.0MB DISK_USED:9%
[2026-08-26 09:05:19] PID:2739609 SYS_CPU:2.8% SYS_MEM:38.3% PROC_CPU:0.7% PROC_RSS:518.0MB DISK_USED:9%
[2026-08-26 09:05:22] PID:2739609 SYS_CPU:2.3% SYS_MEM:37.6% PROC_CPU:0.7% PROC_RSS:67.9MB DISK_USED:9%
[2026-08-26 09:05:25] PID:2739609 SYS_CPU:1.7% SYS_MEM:37.6% PROC_CPU:0.7% PROC_RSS:67.9MB DISK_USED:9%
[2026-08-26 09:05:29] PID:2739609 SYS_CPU:4.0% SYS_MEM:37.6% PROC_CPU:0.7% PROC_RSS:67.9MB DISK_USED:9%
[2026-08-26 09:05:32] PID:2739609 SYS_CPU:12.9% SYS_MEM:37.7% PROC_CPU:0.7% PROC_RSS:92.9MB DISK_USED:9%
[2026-08-26 09:05:35] PID:2739609 SYS_CPU:1.1% SYS_MEM:37.7% PROC_CPU:0.7% PROC_RSS:117.9MB DISK_USED:9%
[2026-08-26 09:05:38] PID:2739609 SYS_CPU:2.3% SYS_MEM:37.7% PROC_CPU:0.7% PROC_RSS:142.9MB DISK_USED:9%
[2026-08-26 09:05:42] PID:2739609 SYS_CPU:1.1% SYS_MEM:37.8% PROC_CPU:0.7% PROC_RSS:167.9MB DISK_USED:9%
[2026-08-26 09:05:45] PID:2739609 SYS_CPU:2.3% SYS_MEM:37.8% PROC_CPU:0.7% PROC_RSS:192.9MB DISK_USED:9%
[2026-08-26 09:05:48] PID:2739609 SYS_CPU:6.2% SYS_MEM:37.8% PROC_CPU:0.7% PROC_RSS:217.9MB DISK_USED:9%
[2026-08-26 09:05:52] PID:2739609 SYS_CPU:1.7% SYS_MEM:37.9% PROC_CPU:0.7% PROC_RSS:242.9MB DISK_USED:9%
[2026-08-26 09:05:55] PID:2739609 SYS_CPU:2.8% SYS_MEM:38.0% PROC_CPU:0.7% PROC_RSS:293.0MB DISK_USED:9%
[2026-08-26 09:05:59] PID:2739609 SYS_CPU:1.7% SYS_MEM:38.0% PROC_CPU:0.7% PROC_RSS:318.0MB DISK_USED:9%
[2026-08-26 09:06:02] PID:2739609 SYS_CPU:2.9% SYS_MEM:38.0% PROC_CPU:0.7% PROC_RSS:343.0MB DISK_USED:9%
[2026-08-26 09:06:05] PID:2739609 SYS_CPU:1.7% SYS_MEM:38.1% PROC_CPU:0.7% PROC_RSS:368.0MB DISK_USED:9%
[2026-08-26 09:06:09] PID:2739609 SYS_CPU:1.7% SYS_MEM:38.1% PROC_CPU:0.7% PROC_RSS:393.0MB DISK_USED:9%
[2026-08-26 09:06:12] PID:2739609 SYS_CPU:1.1% SYS_MEM:38.2% PROC_CPU:0.7% PROC_RSS:418.0MB DISK_USED:9%
[2026-08-26 09:06:13] [INFO] After phase ended (PID 2739609, rc=2, 3m00s)

#-----------------------------------------------------------------------------
# §4. 파라미터 스윕 — MEMORY_LIMIT 값별 생존시간 실측  [B1-2-E-OOM3 / B1-2-A3]
#-----------------------------------------------------------------------------

# 스윕 방법 (한 값당 앱을 새로 띄우고, 죽을 때까지 또는 관측 상한까지 1초 간격 폴링):
#   export AGENT_HOME=… AGENT_PORT=15034 AGENT_UPLOAD_DIR=… AGENT_KEY_PATH=… AGENT_LOG_DIR=…
#   export MEMORY_LIMIT=<값> CPU_MAX_OCCUPY=<값> MULTI_THREAD_ENABLE=false
#   cd "$AGENT_HOME" && nohup ./agent-leak-app > <label>.out 2>&1 &
#   PID=$(pgrep -P $! -x agent-leak-app)       # PyInstaller 자식(워커) PID
#   while kill -0 $PID; do ps -o rss=,pcpu= -p $PID; sleep 1; done; wait; echo "exit=$?"

### MEMORY_LIMIT 스윕 — CPU_MAX_OCCUPY=10, MULTI_THREAD_ENABLE=false 로 고정 (단일 변수)

  MEMORY_LIMIT   생존시간   종료코드   종료 로그 / 관측
  ------------   --------   --------   -------------------------------------------------------
       100MB        13초      137      [MemoryGuard] Memory limit exceeded (100MB >= 100MB)
       256MB        34초      137      [MemoryGuard] Memory limit exceeded (275MB >= 256MB)
       512MB     >180초      (생존)    관측 상한까지 종료 없음. heap 이 25→525MB 를 3회 순환하며
                                        MemoryGuard 가 한 번도 동작하지 않음

  → MEMORY_LIMIT 를 100→256 으로 올리면 생존이 13→34초로 2.6배 늘어난다 (누수 속도는 25MB/3초로
    동일하고, 한도까지 채우는 데 걸리는 시간만 늘어난 것 = 임시 조치의 전형).
  → 512MB 에서는 부팅 배너가 '[ MEMORY ] Limit: 512MB  [ OK ]' 로 바뀌며 누수 시나리오 자체가
    선택되지 않는다. 즉 512 는 '더 늦게 죽는' 것이 아니라 '이 장애가 재현되지 않는' 값이다.

### 함정 — After 를 MEMORY_LIMIT=512 + CPU_MAX_OCCUPY=95 로 잡으면 안 되는 이유

  MEMORY_LIMIT   CPU_MAX_OCCUPY   생존시간   종료코드   실제로 죽인 주체
  ------------   --------------   --------   --------   ------------------------------------
       256MB           95%           34초      137      [MemoryGuard]  (메모리)
       512MB           95%           34초      143      [CpuWorker]    (메모리와 무관!)

  → 두 조합의 생존시간이 34초로 같아 '조치 효과 0' 으로 보이지만, 실제로는 After 에서 사망 원인이
    통째로 바뀐 것이다(exit 137 = SIGKILL → exit 143 = SIGTERM). 그래서 이 실험은 CPU_MAX_OCCUPY 를
    안전값 10 으로 고정하고 MEMORY_LIMIT 만 바꾼다.

### 각 스윕 실행의 원본 종료 요약 (probe 스크립트 출력 그대로)
###   ※ 위 표의 MEMORY_LIMIT=256MB / 512MB 행은 이 파일 §1~§3 의 파이프라인 Before/After 구간
###     (09:02:37~09:03:11 = 0m34s 사망 / 09:03:12~09:06:13 = 3m00s 생존)과 같은 결과다.
###     아래 probe 는 그 값을 독립 실행으로 한 번 더 확인한 것이다.

$ cat p_mem100_cpu10.summary
LABEL=p_mem100_cpu10 MEM=100 CPU=10 MT=false parent=2724380 worker=2724387
DIED at 13s
exit_code=137
$ tail -2 p_mem100_cpu10.applog
2026-08-26 08:49:07,261 [CRITICAL] [MemoryGuard] Memory limit exceeded (100MB >= 100MB) / (Recommend Over 256MB)
2026-08-26 08:49:07,261 [CRITICAL] [MemoryGuard] Self-terminating process 2724387 to prevent system instability.

$ cat p_mem256_cpu95.summary
LABEL=p_mem256_cpu95 MEM=256 CPU=95 MT=false parent=2721144 worker=2721162
DIED at 34s
exit_code=137
$ tail -2 p_mem256_cpu95.applog
2026-08-26 08:47:54,101 [CRITICAL] [MemoryGuard] Memory limit exceeded (275MB >= 256MB) / (Recommend Over 256MB)
2026-08-26 08:47:54,101 [CRITICAL] [MemoryGuard] Self-terminating process 2721162 to prevent system instability.

$ cat p_mem512_cpu10.summary
LABEL=p_mem512_cpu10 MEM=512 CPU=10 MT=false parent=2724701 worker=2724708
SURVIVED to 180s (timeout)
exit_code=alive
$ tail -2 p_mem512_cpu10.applog
2026-08-26 08:52:07,045 [INFO] [MemoryWorker] Current Heap: 375MB
2026-08-26 08:52:07,394 [INFO] [CpuWorker] Current Load: 7.08%

$ cat p_mem512_cpu95.summary
LABEL=p_mem512_cpu95 MEM=512 CPU=95 MT=false parent=2722468 worker=2722475
DIED at 34s
exit_code=143
$ tail -2 p_mem512_cpu95.applog
2026-08-26 08:48:29,927 [INFO] [CpuWorker] Current Load: 58.93%
2026-08-26 08:48:30,029 [CRITICAL] [CpuWorker] CPU Threshold Violated! (58.93000000000001%).

